Archive member included to satisfy reference by file (symbol)

c:/program files (x86)/atmel/studio/7.0/toolchain/avr8/avr8-gnu-toolchain/bin/../lib/gcc/avr/5.4.0/../../../../avr/lib/avr5\libm.a(addsf3.o)
                              HAL/NTC_Temperature/NTC_program.o (__subsf3)
c:/program files (x86)/atmel/studio/7.0/toolchain/avr8/avr8-gnu-toolchain/bin/../lib/gcc/avr/5.4.0/../../../../avr/lib/avr5\libm.a(addsf3x.o)
                              c:/program files (x86)/atmel/studio/7.0/toolchain/avr8/avr8-gnu-toolchain/bin/../lib/gcc/avr/5.4.0/../../../../avr/lib/avr5\libm.a(addsf3.o) (__addsf3x)
c:/program files (x86)/atmel/studio/7.0/toolchain/avr8/avr8-gnu-toolchain/bin/../lib/gcc/avr/5.4.0/../../../../avr/lib/avr5\libm.a(divsf3.o)
                              HAL/NTC_Temperature/NTC_program.o (__divsf3)
c:/program files (x86)/atmel/studio/7.0/toolchain/avr8/avr8-gnu-toolchain/bin/../lib/gcc/avr/5.4.0/../../../../avr/lib/avr5\libm.a(divsf3x.o)
                              c:/program files (x86)/atmel/studio/7.0/toolchain/avr8/avr8-gnu-toolchain/bin/../lib/gcc/avr/5.4.0/../../../../avr/lib/avr5\libm.a(divsf3.o) (__divsf3x)
c:/program files (x86)/atmel/studio/7.0/toolchain/avr8/avr8-gnu-toolchain/bin/../lib/gcc/avr/5.4.0/../../../../avr/lib/avr5\libm.a(fixunssfsi.o)
                              HAL/NTC_Temperature/NTC_program.o (__fixunssfsi)
c:/program files (x86)/atmel/studio/7.0/toolchain/avr8/avr8-gnu-toolchain/bin/../lib/gcc/avr/5.4.0/../../../../avr/lib/avr5\libm.a(floatsisf.o)
                              HAL/NTC_Temperature/NTC_program.o (__floatunsisf)
c:/program files (x86)/atmel/studio/7.0/toolchain/avr8/avr8-gnu-toolchain/bin/../lib/gcc/avr/5.4.0/../../../../avr/lib/avr5\libm.a(fp_inf.o)
                              c:/program files (x86)/atmel/studio/7.0/toolchain/avr8/avr8-gnu-toolchain/bin/../lib/gcc/avr/5.4.0/../../../../avr/lib/avr5\libm.a(addsf3x.o) (__fp_inf)
c:/program files (x86)/atmel/studio/7.0/toolchain/avr8/avr8-gnu-toolchain/bin/../lib/gcc/avr/5.4.0/../../../../avr/lib/avr5\libm.a(fp_nan.o)
                              c:/program files (x86)/atmel/studio/7.0/toolchain/avr8/avr8-gnu-toolchain/bin/../lib/gcc/avr/5.4.0/../../../../avr/lib/avr5\libm.a(addsf3x.o) (__fp_nan)
c:/program files (x86)/atmel/studio/7.0/toolchain/avr8/avr8-gnu-toolchain/bin/../lib/gcc/avr/5.4.0/../../../../avr/lib/avr5\libm.a(fp_pscA.o)
                              c:/program files (x86)/atmel/studio/7.0/toolchain/avr8/avr8-gnu-toolchain/bin/../lib/gcc/avr/5.4.0/../../../../avr/lib/avr5\libm.a(addsf3x.o) (__fp_pscA)
c:/program files (x86)/atmel/studio/7.0/toolchain/avr8/avr8-gnu-toolchain/bin/../lib/gcc/avr/5.4.0/../../../../avr/lib/avr5\libm.a(fp_pscB.o)
                              c:/program files (x86)/atmel/studio/7.0/toolchain/avr8/avr8-gnu-toolchain/bin/../lib/gcc/avr/5.4.0/../../../../avr/lib/avr5\libm.a(addsf3x.o) (__fp_pscB)
c:/program files (x86)/atmel/studio/7.0/toolchain/avr8/avr8-gnu-toolchain/bin/../lib/gcc/avr/5.4.0/../../../../avr/lib/avr5\libm.a(fp_round.o)
                              c:/program files (x86)/atmel/studio/7.0/toolchain/avr8/avr8-gnu-toolchain/bin/../lib/gcc/avr/5.4.0/../../../../avr/lib/avr5\libm.a(addsf3.o) (__fp_round)
c:/program files (x86)/atmel/studio/7.0/toolchain/avr8/avr8-gnu-toolchain/bin/../lib/gcc/avr/5.4.0/../../../../avr/lib/avr5\libm.a(fp_split3.o)
                              c:/program files (x86)/atmel/studio/7.0/toolchain/avr8/avr8-gnu-toolchain/bin/../lib/gcc/avr/5.4.0/../../../../avr/lib/avr5\libm.a(addsf3x.o) (__fp_split3)
c:/program files (x86)/atmel/studio/7.0/toolchain/avr8/avr8-gnu-toolchain/bin/../lib/gcc/avr/5.4.0/../../../../avr/lib/avr5\libm.a(fp_zero.o)
                              c:/program files (x86)/atmel/studio/7.0/toolchain/avr8/avr8-gnu-toolchain/bin/../lib/gcc/avr/5.4.0/../../../../avr/lib/avr5\libm.a(addsf3x.o) (__fp_zero)
c:/program files (x86)/atmel/studio/7.0/toolchain/avr8/avr8-gnu-toolchain/bin/../lib/gcc/avr/5.4.0/../../../../avr/lib/avr5\libm.a(log.o)
                              HAL/NTC_Temperature/NTC_program.o (log)
c:/program files (x86)/atmel/studio/7.0/toolchain/avr8/avr8-gnu-toolchain/bin/../lib/gcc/avr/5.4.0/../../../../avr/lib/avr5\libm.a(mulsf3.o)
                              HAL/NTC_Temperature/NTC_program.o (__mulsf3)
c:/program files (x86)/atmel/studio/7.0/toolchain/avr8/avr8-gnu-toolchain/bin/../lib/gcc/avr/5.4.0/../../../../avr/lib/avr5\libm.a(mulsf3x.o)
                              c:/program files (x86)/atmel/studio/7.0/toolchain/avr8/avr8-gnu-toolchain/bin/../lib/gcc/avr/5.4.0/../../../../avr/lib/avr5\libm.a(log.o) (__mulsf3x)
c:/program files (x86)/atmel/studio/7.0/toolchain/avr8/avr8-gnu-toolchain/bin/../lib/gcc/avr/5.4.0/../../../../avr/lib/avr5\libm.a(fp_mpack.o)
                              c:/program files (x86)/atmel/studio/7.0/toolchain/avr8/avr8-gnu-toolchain/bin/../lib/gcc/avr/5.4.0/../../../../avr/lib/avr5\libm.a(log.o) (__fp_mpack)
c:/program files (x86)/atmel/studio/7.0/toolchain/avr8/avr8-gnu-toolchain/bin/../lib/gcc/avr/5.4.0/../../../../avr/lib/avr5\libm.a(fp_powser.o)
                              c:/program files (x86)/atmel/studio/7.0/toolchain/avr8/avr8-gnu-toolchain/bin/../lib/gcc/avr/5.4.0/../../../../avr/lib/avr5\libm.a(log.o) (__fp_powser)
c:/program files (x86)/atmel/studio/7.0/toolchain/avr8/avr8-gnu-toolchain/bin/../lib/gcc/avr/5.4.0/avr5\libgcc.a(_divmodsi4.o)
                              FreeRTOS/Src/integer.o (__divmodsi4)
c:/program files (x86)/atmel/studio/7.0/toolchain/avr8/avr8-gnu-toolchain/bin/../lib/gcc/avr/5.4.0/avr5\libgcc.a(_negsi2.o)
                              c:/program files (x86)/atmel/studio/7.0/toolchain/avr8/avr8-gnu-toolchain/bin/../lib/gcc/avr/5.4.0/avr5\libgcc.a(_divmodsi4.o) (__negsi2)
c:/program files (x86)/atmel/studio/7.0/toolchain/avr8/avr8-gnu-toolchain/bin/../lib/gcc/avr/5.4.0/avr5\libgcc.a(_exit.o)
                              C:/Program Files (x86)/Atmel/Studio/7.0/Packs/atmel/ATmega_DFP/1.7.374/gcc/dev/atmega32/avr5/crtatmega32.o (exit)
c:/program files (x86)/atmel/studio/7.0/toolchain/avr8/avr8-gnu-toolchain/bin/../lib/gcc/avr/5.4.0/avr5\libgcc.a(_copy_data.o)
                              FreeRTOS/Src/integer.o (__do_copy_data)
c:/program files (x86)/atmel/studio/7.0/toolchain/avr8/avr8-gnu-toolchain/bin/../lib/gcc/avr/5.4.0/avr5\libgcc.a(_clear_bss.o)
                              FreeRTOS/Src/croutine.o (__do_clear_bss)
c:/program files (x86)/atmel/studio/7.0/toolchain/avr8/avr8-gnu-toolchain/bin/../lib/gcc/avr/5.4.0/avr5\libgcc.a(_ashrdi3.o)
                              SERVICE/STRING_SERVICE_FUN.o (__lshrdi3)
c:/program files (x86)/atmel/studio/7.0/toolchain/avr8/avr8-gnu-toolchain/bin/../lib/gcc/avr/5.4.0/avr5\libgcc.a(_cmpdi2_s8.o)
                              SERVICE/STRING_SERVICE_FUN.o (__cmpdi2_s8)
c:/program files (x86)/atmel/studio/7.0/toolchain/avr8/avr8-gnu-toolchain/bin/../lib/gcc/avr/5.4.0/avr5\libgcc.a(_udivmodsi4.o)
                              c:/program files (x86)/atmel/studio/7.0/toolchain/avr8/avr8-gnu-toolchain/bin/../lib/gcc/avr/5.4.0/avr5\libgcc.a(_divmodsi4.o) (__udivmodsi4)
c:/program files (x86)/atmel/studio/7.0/toolchain/avr8/avr8-gnu-toolchain/bin/../lib/gcc/avr/5.4.0/../../../../avr/lib/avr5\libc.a(memcpy.o)
                              FreeRTOS/Src/queue.o (memcpy)
c:/program files (x86)/atmel/studio/7.0/toolchain/avr8/avr8-gnu-toolchain/bin/../lib/gcc/avr/5.4.0/../../../../avr/lib/avr5\libc.a(itoa_ncheck.o)
                              HAL/LCD/LCD_program.o (__itoa_ncheck)
c:/program files (x86)/atmel/studio/7.0/toolchain/avr8/avr8-gnu-toolchain/bin/../lib/gcc/avr/5.4.0/../../../../avr/lib/avr5\libc.a(utoa_ncheck.o)
                              c:/program files (x86)/atmel/studio/7.0/toolchain/avr8/avr8-gnu-toolchain/bin/../lib/gcc/avr/5.4.0/../../../../avr/lib/avr5\libc.a(itoa_ncheck.o) (__utoa_common)
c:/program files (x86)/atmel/studio/7.0/toolchain/avr8/avr8-gnu-toolchain/bin/../lib/gcc/avr/5.4.0/../../../../avr/lib/avr5\libc.a(strrev.o)
                              c:/program files (x86)/atmel/studio/7.0/toolchain/avr8/avr8-gnu-toolchain/bin/../lib/gcc/avr/5.4.0/../../../../avr/lib/avr5\libc.a(utoa_ncheck.o) (strrev)

Allocating common symbols
Common symbol       size              file

xMutexLCD           0x2               main.o
Current_Temp        0x1               main.o

Discarded input sections

 .data          0x00000000        0x0 C:/Program Files (x86)/Atmel/Studio/7.0/Packs/atmel/ATmega_DFP/1.7.374/gcc/dev/atmega32/avr5/crtatmega32.o
 .bss           0x00000000        0x0 C:/Program Files (x86)/Atmel/Studio/7.0/Packs/atmel/ATmega_DFP/1.7.374/gcc/dev/atmega32/avr5/crtatmega32.o
 .text          0x00000000        0x0 FreeRTOS/Src/croutine.o
 .data          0x00000000        0x0 FreeRTOS/Src/croutine.o
 .bss           0x00000000        0x0 FreeRTOS/Src/croutine.o
 .text.prvInitialiseCoRoutineLists
                0x00000000       0x5e FreeRTOS/Src/croutine.o
 .text.prvCheckPendingReadyList
                0x00000000       0x6c FreeRTOS/Src/croutine.o
 .text.prvCheckDelayedList
                0x00000000      0x106 FreeRTOS/Src/croutine.o
 .text.xCoRoutineCreate
                0x00000000       0xba FreeRTOS/Src/croutine.o
 .text.vCoRoutineAddToDelayedList
                0x00000000       0x86 FreeRTOS/Src/croutine.o
 .text.vCoRoutineSchedule
                0x00000000       0xb0 FreeRTOS/Src/croutine.o
 .text.xCoRoutineRemoveFromEventList
                0x00000000       0x4c FreeRTOS/Src/croutine.o
 .bss.xPassedTicks
                0x00000000        0x2 FreeRTOS/Src/croutine.o
 .bss.xLastTickCount
                0x00000000        0x2 FreeRTOS/Src/croutine.o
 .bss.xCoRoutineTickCount
                0x00000000        0x2 FreeRTOS/Src/croutine.o
 .bss.uxTopCoRoutineReadyPriority
                0x00000000        0x1 FreeRTOS/Src/croutine.o
 .bss.pxCurrentCoRoutine
                0x00000000        0x2 FreeRTOS/Src/croutine.o
 .bss.xPendingReadyCoRoutineList
                0x00000000        0x9 FreeRTOS/Src/croutine.o
 .bss.pxOverflowDelayedCoRoutineList
                0x00000000        0x2 FreeRTOS/Src/croutine.o
 .bss.pxDelayedCoRoutineList
                0x00000000        0x2 FreeRTOS/Src/croutine.o
 .bss.xDelayedCoRoutineList2
                0x00000000        0x9 FreeRTOS/Src/croutine.o
 .bss.xDelayedCoRoutineList1
                0x00000000        0x9 FreeRTOS/Src/croutine.o
 .bss.pxReadyCoRoutineLists
                0x00000000       0x12 FreeRTOS/Src/croutine.o
 .debug_info    0x00000000      0x725 FreeRTOS/Src/croutine.o
 .debug_abbrev  0x00000000      0x1ec FreeRTOS/Src/croutine.o
 .debug_loc     0x00000000      0x3f0 FreeRTOS/Src/croutine.o
 .debug_aranges
                0x00000000       0x50 FreeRTOS/Src/croutine.o
 .debug_ranges  0x00000000       0x40 FreeRTOS/Src/croutine.o
 .debug_line    0x00000000      0x3c0 FreeRTOS/Src/croutine.o
 .debug_str     0x00000000      0x56a FreeRTOS/Src/croutine.o
 .comment       0x00000000       0x31 FreeRTOS/Src/croutine.o
 .debug_frame   0x00000000      0x100 FreeRTOS/Src/croutine.o
 .text          0x00000000        0x0 FreeRTOS/Src/event_groups.o
 .data          0x00000000        0x0 FreeRTOS/Src/event_groups.o
 .bss           0x00000000        0x0 FreeRTOS/Src/event_groups.o
 .text.xEventGroupGetBitsFromISR
                0x00000000        0x8 FreeRTOS/Src/event_groups.o
 .text.xEventGroupSync
                0x00000000       0xd6 FreeRTOS/Src/event_groups.o
 .text.vEventGroupDelete
                0x00000000       0x2e FreeRTOS/Src/event_groups.o
 .text.vEventGroupSetBitsCallback
                0x00000000        0x8 FreeRTOS/Src/event_groups.o
 .text.vEventGroupClearBitsCallback
                0x00000000        0x8 FreeRTOS/Src/event_groups.o
 .text          0x00000000        0x0 FreeRTOS/Src/heap_1.o
 .data          0x00000000        0x0 FreeRTOS/Src/heap_1.o
 .bss           0x00000000        0x0 FreeRTOS/Src/heap_1.o
 .text.vPortInitialiseBlocks
                0x00000000        0xa FreeRTOS/Src/heap_1.o
 .text.xPortGetFreeHeapSize
                0x00000000       0x12 FreeRTOS/Src/heap_1.o
 .text          0x00000000        0x0 FreeRTOS/Src/integer.o
 .data          0x00000000        0x0 FreeRTOS/Src/integer.o
 .bss           0x00000000        0x0 FreeRTOS/Src/integer.o
 .text.vCompeteingIntMathTask
                0x00000000       0xb8 FreeRTOS/Src/integer.o
 .rodata.str1.1
                0x00000000        0x8 FreeRTOS/Src/integer.o
 .text.vStartIntegerMathTasks
                0x00000000       0x5e FreeRTOS/Src/integer.o
 .text.xAreIntegerMathsTaskStillRunning
                0x00000000       0x2a FreeRTOS/Src/integer.o
 .bss.xTaskCheck
                0x00000000        0x1 FreeRTOS/Src/integer.o
 .debug_info    0x00000000      0x213 FreeRTOS/Src/integer.o
 .debug_abbrev  0x00000000      0x109 FreeRTOS/Src/integer.o
 .debug_loc     0x00000000      0x1e6 FreeRTOS/Src/integer.o
 .debug_aranges
                0x00000000       0x30 FreeRTOS/Src/integer.o
 .debug_ranges  0x00000000       0x20 FreeRTOS/Src/integer.o
 .debug_line    0x00000000      0x145 FreeRTOS/Src/integer.o
 .debug_str     0x00000000      0x280 FreeRTOS/Src/integer.o
 .comment       0x00000000       0x31 FreeRTOS/Src/integer.o
 .debug_frame   0x00000000       0x88 FreeRTOS/Src/integer.o
 .text          0x00000000        0x0 FreeRTOS/Src/list.o
 .data          0x00000000        0x0 FreeRTOS/Src/list.o
 .bss           0x00000000        0x0 FreeRTOS/Src/list.o
 .text          0x00000000        0x0 FreeRTOS/Src/PollQ.o
 .data          0x00000000        0x0 FreeRTOS/Src/PollQ.o
 .bss           0x00000000        0x0 FreeRTOS/Src/PollQ.o
 .text.vPolledQueueProducer
                0x00000000       0x66 FreeRTOS/Src/PollQ.o
 .text.vPolledQueueConsumer
                0x00000000       0x7c FreeRTOS/Src/PollQ.o
 .rodata.str1.1
                0x00000000       0x10 FreeRTOS/Src/PollQ.o
 .text.vStartPolledQueueTasks
                0x00000000       0x6c FreeRTOS/Src/PollQ.o
 .text.xArePollingQueuesStillRunning
                0x00000000       0x22 FreeRTOS/Src/PollQ.o
 .bss.xPolledQueue.2092
                0x00000000        0x2 FreeRTOS/Src/PollQ.o
 .bss.xPollingProducerCount
                0x00000000        0x1 FreeRTOS/Src/PollQ.o
 .bss.xPollingConsumerCount
                0x00000000        0x1 FreeRTOS/Src/PollQ.o
 .debug_info    0x00000000      0x3bd FreeRTOS/Src/PollQ.o
 .debug_abbrev  0x00000000      0x106 FreeRTOS/Src/PollQ.o
 .debug_loc     0x00000000      0x240 FreeRTOS/Src/PollQ.o
 .debug_aranges
                0x00000000       0x38 FreeRTOS/Src/PollQ.o
 .debug_ranges  0x00000000       0x28 FreeRTOS/Src/PollQ.o
 .debug_line    0x00000000      0x20b FreeRTOS/Src/PollQ.o
 .debug_str     0x00000000      0x33f FreeRTOS/Src/PollQ.o
 .comment       0x00000000       0x31 FreeRTOS/Src/PollQ.o
 .debug_frame   0x00000000       0x9c FreeRTOS/Src/PollQ.o
 .text          0x00000000        0x0 FreeRTOS/Src/port.o
 .data          0x00000000        0x0 FreeRTOS/Src/port.o
 .bss           0x00000000        0x0 FreeRTOS/Src/port.o
 .text.vPortEndScheduler
                0x00000000        0x2 FreeRTOS/Src/port.o
 .text          0x00000000        0x0 FreeRTOS/Src/queue.o
 .data          0x00000000        0x0 FreeRTOS/Src/queue.o
 .bss           0x00000000        0x0 FreeRTOS/Src/queue.o
 .text.xQueueCreateCountingSemaphore
                0x00000000       0x18 FreeRTOS/Src/queue.o
 .text.xQueueGenericSendFromISR
                0x00000000       0x80 FreeRTOS/Src/queue.o
 .text.xQueueReceiveFromISR
                0x00000000       0x66 FreeRTOS/Src/queue.o
 .text.xQueuePeekFromISR
                0x00000000       0x2e FreeRTOS/Src/queue.o
 .text.uxQueueMessagesWaiting
                0x00000000       0x10 FreeRTOS/Src/queue.o
 .text.uxQueueSpacesAvailable
                0x00000000       0x16 FreeRTOS/Src/queue.o
 .text.uxQueueMessagesWaitingFromISR
                0x00000000        0x6 FreeRTOS/Src/queue.o
 .text.vQueueDelete
                0x00000000       0x1e FreeRTOS/Src/queue.o
 .text.xQueueIsQueueEmptyFromISR
                0x00000000       0x10 FreeRTOS/Src/queue.o
 .text.xQueueIsQueueFullFromISR
                0x00000000       0x12 FreeRTOS/Src/queue.o
 .text.xQueueCRSend
                0x00000000       0x80 FreeRTOS/Src/queue.o
 .text.xQueueCRReceive
                0x00000000       0x92 FreeRTOS/Src/queue.o
 .text.xQueueCRSendFromISR
                0x00000000       0x4c FreeRTOS/Src/queue.o
 .text.xQueueCRReceiveFromISR
                0x00000000       0x82 FreeRTOS/Src/queue.o
 .text          0x00000000        0x0 FreeRTOS/Src/tasks.o
 .data          0x00000000        0x0 FreeRTOS/Src/tasks.o
 .bss           0x00000000        0x0 FreeRTOS/Src/tasks.o
 .text.vTaskDelete
                0x00000000       0x8e FreeRTOS/Src/tasks.o
 .text.uxTaskPriorityGet
                0x00000000       0x1c FreeRTOS/Src/tasks.o
 .text.vTaskPrioritySet
                0x00000000       0xfe FreeRTOS/Src/tasks.o
 .text.vTaskEndScheduler
                0x00000000        0xc FreeRTOS/Src/tasks.o
 .text.xTaskGetTickCount
                0x00000000       0x14 FreeRTOS/Src/tasks.o
 .text.xTaskGetTickCountFromISR
                0x00000000        0xa FreeRTOS/Src/tasks.o
 .text.uxTaskGetNumberOfTasks
                0x00000000        0x6 FreeRTOS/Src/tasks.o
 .text.vTaskDelayUntil
                0x00000000       0x8a FreeRTOS/Src/tasks.o
 .text.xTaskGetCurrentTaskHandle
                0x00000000        0xa FreeRTOS/Src/tasks.o
 .text          0x00000000        0x0 HAL/LCD/LCD_program.o
 .data          0x00000000        0x0 HAL/LCD/LCD_program.o
 .bss           0x00000000        0x0 HAL/LCD/LCD_program.o
 .text.LCD_MoveCursorRight
                0x00000000       0x8e HAL/LCD/LCD_program.o
 .text.LCD_MoveCursorLeft
                0x00000000       0x96 HAL/LCD/LCD_program.o
 .text.LCD_ShitEntireDisplayRight
                0x00000000        0x8 HAL/LCD/LCD_program.o
 .text.LCD_ShitEntireDisplayLeft
                0x00000000        0x8 HAL/LCD/LCD_program.o
 .text.LCD_GenerateCharacterCGRAM
                0x00000000       0x36 HAL/LCD/LCD_program.o
 .text.LCD_DisplayCustomCharacter
                0x00000000        0x6 HAL/LCD/LCD_program.o
 .text.LCD_DisplayCustomCharacterRowCol
                0x00000000       0x16 HAL/LCD/LCD_program.o
 .data.BatteryCharge
                0x00000000        0x8 HAL/LCD/LCD_program.o
 .data.HeartCustomCharacter
                0x00000000        0x8 HAL/LCD/LCD_program.o
 .text          0x00000000        0x0 HAL/NTC_Temperature/NTC_program.o
 .data          0x00000000        0x0 HAL/NTC_Temperature/NTC_program.o
 .bss           0x00000000        0x0 HAL/NTC_Temperature/NTC_program.o
 .text          0x00000000        0x0 main.o
 .data          0x00000000        0x0 main.o
 .bss           0x00000000        0x0 main.o
 .text          0x00000000        0x0 MCAL/ADC/ADC_config.o
 .data          0x00000000        0x0 MCAL/ADC/ADC_config.o
 .bss           0x00000000        0x0 MCAL/ADC/ADC_config.o
 .text          0x00000000        0x0 MCAL/ADC/ADC_program.o
 .data          0x00000000        0x0 MCAL/ADC/ADC_program.o
 .bss           0x00000000        0x0 MCAL/ADC/ADC_program.o
 .text.ADC_FreeRunningStart
                0x00000000        0x6 MCAL/ADC/ADC_program.o
 .text          0x00000000        0x0 MCAL/GPIO/GPIO_program.o
 .data          0x00000000        0x0 MCAL/GPIO/GPIO_program.o
 .bss           0x00000000        0x0 MCAL/GPIO/GPIO_program.o
 .text.GPIO_ReadPin
                0x00000000       0x8c MCAL/GPIO/GPIO_program.o
 .text.GPIO_TogglePin
                0x00000000       0x70 MCAL/GPIO/GPIO_program.o
 .text.GPIO_ReadPort
                0x00000000       0x2c MCAL/GPIO/GPIO_program.o
 .text.GPIO_WritePort
                0x00000000       0x24 MCAL/GPIO/GPIO_program.o
 .text.GPIO_TogglePort
                0x00000000       0x34 MCAL/GPIO/GPIO_program.o
 .text          0x00000000        0x0 MCAL/USART/USART_config.o
 .data          0x00000000        0x0 MCAL/USART/USART_config.o
 .bss           0x00000000        0x0 MCAL/USART/USART_config.o
 .text          0x00000000        0x0 MCAL/USART/USART_program.o
 .data          0x00000000        0x0 MCAL/USART/USART_program.o
 .bss           0x00000000        0x0 MCAL/USART/USART_program.o
 .text.USART_ReceiveBytePolling
                0x00000000       0x1a MCAL/USART/USART_program.o
 .text.USART_ReceiveStringPolling
                0x00000000       0x42 MCAL/USART/USART_program.o
 .text.USART_EnableReceiveInerrupt
                0x00000000        0x8 MCAL/USART/USART_program.o
 .text.USART_receiveByteAsynchCallBack
                0x00000000        0xa MCAL/USART/USART_program.o
 .text.USART_receiveStringAsynchCallBack
                0x00000000        0xa MCAL/USART/USART_program.o
 .text.USART_Catch_UDR_Value
                0x00000000       0x16 MCAL/USART/USART_program.o
 .text          0x00000000        0x0 SERVICE/STRING_SERVICE_FUN.o
 .data          0x00000000        0x0 SERVICE/STRING_SERVICE_FUN.o
 .bss           0x00000000        0x0 SERVICE/STRING_SERVICE_FUN.o
 .text.Convert_uint64_to_String
                0x00000000      0x1cc SERVICE/STRING_SERVICE_FUN.o
 .debug_info    0x00000000      0x107 SERVICE/STRING_SERVICE_FUN.o
 .debug_abbrev  0x00000000       0xae SERVICE/STRING_SERVICE_FUN.o
 .debug_loc     0x00000000      0x1b6 SERVICE/STRING_SERVICE_FUN.o
 .debug_aranges
                0x00000000       0x20 SERVICE/STRING_SERVICE_FUN.o
 .debug_ranges  0x00000000       0x10 SERVICE/STRING_SERVICE_FUN.o
 .debug_line    0x00000000      0x104 SERVICE/STRING_SERVICE_FUN.o
 .debug_str     0x00000000      0x1f9 SERVICE/STRING_SERVICE_FUN.o
 .comment       0x00000000       0x31 SERVICE/STRING_SERVICE_FUN.o
 .debug_frame   0x00000000       0x78 SERVICE/STRING_SERVICE_FUN.o
 .text          0x00000000        0x0 c:/program files (x86)/atmel/studio/7.0/toolchain/avr8/avr8-gnu-toolchain/bin/../lib/gcc/avr/5.4.0/../../../../avr/lib/avr5\libm.a(addsf3.o)
 .data          0x00000000        0x0 c:/program files (x86)/atmel/studio/7.0/toolchain/avr8/avr8-gnu-toolchain/bin/../lib/gcc/avr/5.4.0/../../../../avr/lib/avr5\libm.a(addsf3.o)
 .bss           0x00000000        0x0 c:/program files (x86)/atmel/studio/7.0/toolchain/avr8/avr8-gnu-toolchain/bin/../lib/gcc/avr/5.4.0/../../../../avr/lib/avr5\libm.a(addsf3.o)
 .text          0x00000000        0x0 c:/program files (x86)/atmel/studio/7.0/toolchain/avr8/avr8-gnu-toolchain/bin/../lib/gcc/avr/5.4.0/../../../../avr/lib/avr5\libm.a(addsf3x.o)
 .data          0x00000000        0x0 c:/program files (x86)/atmel/studio/7.0/toolchain/avr8/avr8-gnu-toolchain/bin/../lib/gcc/avr/5.4.0/../../../../avr/lib/avr5\libm.a(addsf3x.o)
 .bss           0x00000000        0x0 c:/program files (x86)/atmel/studio/7.0/toolchain/avr8/avr8-gnu-toolchain/bin/../lib/gcc/avr/5.4.0/../../../../avr/lib/avr5\libm.a(addsf3x.o)
 .text          0x00000000        0x0 c:/program files (x86)/atmel/studio/7.0/toolchain/avr8/avr8-gnu-toolchain/bin/../lib/gcc/avr/5.4.0/../../../../avr/lib/avr5\libm.a(divsf3.o)
 .data          0x00000000        0x0 c:/program files (x86)/atmel/studio/7.0/toolchain/avr8/avr8-gnu-toolchain/bin/../lib/gcc/avr/5.4.0/../../../../avr/lib/avr5\libm.a(divsf3.o)
 .bss           0x00000000        0x0 c:/program files (x86)/atmel/studio/7.0/toolchain/avr8/avr8-gnu-toolchain/bin/../lib/gcc/avr/5.4.0/../../../../avr/lib/avr5\libm.a(divsf3.o)
 .text          0x00000000        0x0 c:/program files (x86)/atmel/studio/7.0/toolchain/avr8/avr8-gnu-toolchain/bin/../lib/gcc/avr/5.4.0/../../../../avr/lib/avr5\libm.a(divsf3x.o)
 .data          0x00000000        0x0 c:/program files (x86)/atmel/studio/7.0/toolchain/avr8/avr8-gnu-toolchain/bin/../lib/gcc/avr/5.4.0/../../../../avr/lib/avr5\libm.a(divsf3x.o)
 .bss           0x00000000        0x0 c:/program files (x86)/atmel/studio/7.0/toolchain/avr8/avr8-gnu-toolchain/bin/../lib/gcc/avr/5.4.0/../../../../avr/lib/avr5\libm.a(divsf3x.o)
 .text          0x00000000        0x0 c:/program files (x86)/atmel/studio/7.0/toolchain/avr8/avr8-gnu-toolchain/bin/../lib/gcc/avr/5.4.0/../../../../avr/lib/avr5\libm.a(fixunssfsi.o)
 .data          0x00000000        0x0 c:/program files (x86)/atmel/studio/7.0/toolchain/avr8/avr8-gnu-toolchain/bin/../lib/gcc/avr/5.4.0/../../../../avr/lib/avr5\libm.a(fixunssfsi.o)
 .bss           0x00000000        0x0 c:/program files (x86)/atmel/studio/7.0/toolchain/avr8/avr8-gnu-toolchain/bin/../lib/gcc/avr/5.4.0/../../../../avr/lib/avr5\libm.a(fixunssfsi.o)
 .text          0x00000000        0x0 c:/program files (x86)/atmel/studio/7.0/toolchain/avr8/avr8-gnu-toolchain/bin/../lib/gcc/avr/5.4.0/../../../../avr/lib/avr5\libm.a(floatsisf.o)
 .data          0x00000000        0x0 c:/program files (x86)/atmel/studio/7.0/toolchain/avr8/avr8-gnu-toolchain/bin/../lib/gcc/avr/5.4.0/../../../../avr/lib/avr5\libm.a(floatsisf.o)
 .bss           0x00000000        0x0 c:/program files (x86)/atmel/studio/7.0/toolchain/avr8/avr8-gnu-toolchain/bin/../lib/gcc/avr/5.4.0/../../../../avr/lib/avr5\libm.a(floatsisf.o)
 .text          0x00000000        0x0 c:/program files (x86)/atmel/studio/7.0/toolchain/avr8/avr8-gnu-toolchain/bin/../lib/gcc/avr/5.4.0/../../../../avr/lib/avr5\libm.a(fp_inf.o)
 .data          0x00000000        0x0 c:/program files (x86)/atmel/studio/7.0/toolchain/avr8/avr8-gnu-toolchain/bin/../lib/gcc/avr/5.4.0/../../../../avr/lib/avr5\libm.a(fp_inf.o)
 .bss           0x00000000        0x0 c:/program files (x86)/atmel/studio/7.0/toolchain/avr8/avr8-gnu-toolchain/bin/../lib/gcc/avr/5.4.0/../../../../avr/lib/avr5\libm.a(fp_inf.o)
 .text          0x00000000        0x0 c:/program files (x86)/atmel/studio/7.0/toolchain/avr8/avr8-gnu-toolchain/bin/../lib/gcc/avr/5.4.0/../../../../avr/lib/avr5\libm.a(fp_nan.o)
 .data          0x00000000        0x0 c:/program files (x86)/atmel/studio/7.0/toolchain/avr8/avr8-gnu-toolchain/bin/../lib/gcc/avr/5.4.0/../../../../avr/lib/avr5\libm.a(fp_nan.o)
 .bss           0x00000000        0x0 c:/program files (x86)/atmel/studio/7.0/toolchain/avr8/avr8-gnu-toolchain/bin/../lib/gcc/avr/5.4.0/../../../../avr/lib/avr5\libm.a(fp_nan.o)
 .text          0x00000000        0x0 c:/program files (x86)/atmel/studio/7.0/toolchain/avr8/avr8-gnu-toolchain/bin/../lib/gcc/avr/5.4.0/../../../../avr/lib/avr5\libm.a(fp_pscA.o)
 .data          0x00000000        0x0 c:/program files (x86)/atmel/studio/7.0/toolchain/avr8/avr8-gnu-toolchain/bin/../lib/gcc/avr/5.4.0/../../../../avr/lib/avr5\libm.a(fp_pscA.o)
 .bss           0x00000000        0x0 c:/program files (x86)/atmel/studio/7.0/toolchain/avr8/avr8-gnu-toolchain/bin/../lib/gcc/avr/5.4.0/../../../../avr/lib/avr5\libm.a(fp_pscA.o)
 .text          0x00000000        0x0 c:/program files (x86)/atmel/studio/7.0/toolchain/avr8/avr8-gnu-toolchain/bin/../lib/gcc/avr/5.4.0/../../../../avr/lib/avr5\libm.a(fp_pscB.o)
 .data          0x00000000        0x0 c:/program files (x86)/atmel/studio/7.0/toolchain/avr8/avr8-gnu-toolchain/bin/../lib/gcc/avr/5.4.0/../../../../avr/lib/avr5\libm.a(fp_pscB.o)
 .bss           0x00000000        0x0 c:/program files (x86)/atmel/studio/7.0/toolchain/avr8/avr8-gnu-toolchain/bin/../lib/gcc/avr/5.4.0/../../../../avr/lib/avr5\libm.a(fp_pscB.o)
 .text          0x00000000        0x0 c:/program files (x86)/atmel/studio/7.0/toolchain/avr8/avr8-gnu-toolchain/bin/../lib/gcc/avr/5.4.0/../../../../avr/lib/avr5\libm.a(fp_round.o)
 .data          0x00000000        0x0 c:/program files (x86)/atmel/studio/7.0/toolchain/avr8/avr8-gnu-toolchain/bin/../lib/gcc/avr/5.4.0/../../../../avr/lib/avr5\libm.a(fp_round.o)
 .bss           0x00000000        0x0 c:/program files (x86)/atmel/studio/7.0/toolchain/avr8/avr8-gnu-toolchain/bin/../lib/gcc/avr/5.4.0/../../../../avr/lib/avr5\libm.a(fp_round.o)
 .text          0x00000000        0x0 c:/program files (x86)/atmel/studio/7.0/toolchain/avr8/avr8-gnu-toolchain/bin/../lib/gcc/avr/5.4.0/../../../../avr/lib/avr5\libm.a(fp_split3.o)
 .data          0x00000000        0x0 c:/program files (x86)/atmel/studio/7.0/toolchain/avr8/avr8-gnu-toolchain/bin/../lib/gcc/avr/5.4.0/../../../../avr/lib/avr5\libm.a(fp_split3.o)
 .bss           0x00000000        0x0 c:/program files (x86)/atmel/studio/7.0/toolchain/avr8/avr8-gnu-toolchain/bin/../lib/gcc/avr/5.4.0/../../../../avr/lib/avr5\libm.a(fp_split3.o)
 .text          0x00000000        0x0 c:/program files (x86)/atmel/studio/7.0/toolchain/avr8/avr8-gnu-toolchain/bin/../lib/gcc/avr/5.4.0/../../../../avr/lib/avr5\libm.a(fp_zero.o)
 .data          0x00000000        0x0 c:/program files (x86)/atmel/studio/7.0/toolchain/avr8/avr8-gnu-toolchain/bin/../lib/gcc/avr/5.4.0/../../../../avr/lib/avr5\libm.a(fp_zero.o)
 .bss           0x00000000        0x0 c:/program files (x86)/atmel/studio/7.0/toolchain/avr8/avr8-gnu-toolchain/bin/../lib/gcc/avr/5.4.0/../../../../avr/lib/avr5\libm.a(fp_zero.o)
 .text          0x00000000        0x0 c:/program files (x86)/atmel/studio/7.0/toolchain/avr8/avr8-gnu-toolchain/bin/../lib/gcc/avr/5.4.0/../../../../avr/lib/avr5\libm.a(log.o)
 .data          0x00000000        0x0 c:/program files (x86)/atmel/studio/7.0/toolchain/avr8/avr8-gnu-toolchain/bin/../lib/gcc/avr/5.4.0/../../../../avr/lib/avr5\libm.a(log.o)
 .bss           0x00000000        0x0 c:/program files (x86)/atmel/studio/7.0/toolchain/avr8/avr8-gnu-toolchain/bin/../lib/gcc/avr/5.4.0/../../../../avr/lib/avr5\libm.a(log.o)
 .text          0x00000000        0x0 c:/program files (x86)/atmel/studio/7.0/toolchain/avr8/avr8-gnu-toolchain/bin/../lib/gcc/avr/5.4.0/../../../../avr/lib/avr5\libm.a(mulsf3.o)
 .data          0x00000000        0x0 c:/program files (x86)/atmel/studio/7.0/toolchain/avr8/avr8-gnu-toolchain/bin/../lib/gcc/avr/5.4.0/../../../../avr/lib/avr5\libm.a(mulsf3.o)
 .bss           0x00000000        0x0 c:/program files (x86)/atmel/studio/7.0/toolchain/avr8/avr8-gnu-toolchain/bin/../lib/gcc/avr/5.4.0/../../../../avr/lib/avr5\libm.a(mulsf3.o)
 .text          0x00000000        0x0 c:/program files (x86)/atmel/studio/7.0/toolchain/avr8/avr8-gnu-toolchain/bin/../lib/gcc/avr/5.4.0/../../../../avr/lib/avr5\libm.a(mulsf3x.o)
 .data          0x00000000        0x0 c:/program files (x86)/atmel/studio/7.0/toolchain/avr8/avr8-gnu-toolchain/bin/../lib/gcc/avr/5.4.0/../../../../avr/lib/avr5\libm.a(mulsf3x.o)
 .bss           0x00000000        0x0 c:/program files (x86)/atmel/studio/7.0/toolchain/avr8/avr8-gnu-toolchain/bin/../lib/gcc/avr/5.4.0/../../../../avr/lib/avr5\libm.a(mulsf3x.o)
 .text          0x00000000        0x0 c:/program files (x86)/atmel/studio/7.0/toolchain/avr8/avr8-gnu-toolchain/bin/../lib/gcc/avr/5.4.0/../../../../avr/lib/avr5\libm.a(fp_mpack.o)
 .data          0x00000000        0x0 c:/program files (x86)/atmel/studio/7.0/toolchain/avr8/avr8-gnu-toolchain/bin/../lib/gcc/avr/5.4.0/../../../../avr/lib/avr5\libm.a(fp_mpack.o)
 .bss           0x00000000        0x0 c:/program files (x86)/atmel/studio/7.0/toolchain/avr8/avr8-gnu-toolchain/bin/../lib/gcc/avr/5.4.0/../../../../avr/lib/avr5\libm.a(fp_mpack.o)
 .text          0x00000000        0x0 c:/program files (x86)/atmel/studio/7.0/toolchain/avr8/avr8-gnu-toolchain/bin/../lib/gcc/avr/5.4.0/../../../../avr/lib/avr5\libm.a(fp_powser.o)
 .data          0x00000000        0x0 c:/program files (x86)/atmel/studio/7.0/toolchain/avr8/avr8-gnu-toolchain/bin/../lib/gcc/avr/5.4.0/../../../../avr/lib/avr5\libm.a(fp_powser.o)
 .bss           0x00000000        0x0 c:/program files (x86)/atmel/studio/7.0/toolchain/avr8/avr8-gnu-toolchain/bin/../lib/gcc/avr/5.4.0/../../../../avr/lib/avr5\libm.a(fp_powser.o)
 .text          0x00000000        0x0 c:/program files (x86)/atmel/studio/7.0/toolchain/avr8/avr8-gnu-toolchain/bin/../lib/gcc/avr/5.4.0/avr5\libgcc.a(_divmodsi4.o)
 .data          0x00000000        0x0 c:/program files (x86)/atmel/studio/7.0/toolchain/avr8/avr8-gnu-toolchain/bin/../lib/gcc/avr/5.4.0/avr5\libgcc.a(_divmodsi4.o)
 .bss           0x00000000        0x0 c:/program files (x86)/atmel/studio/7.0/toolchain/avr8/avr8-gnu-toolchain/bin/../lib/gcc/avr/5.4.0/avr5\libgcc.a(_divmodsi4.o)
 .text.libgcc.mul
                0x00000000        0x0 c:/program files (x86)/atmel/studio/7.0/toolchain/avr8/avr8-gnu-toolchain/bin/../lib/gcc/avr/5.4.0/avr5\libgcc.a(_divmodsi4.o)
 .text.libgcc.div
                0x00000000       0x2e c:/program files (x86)/atmel/studio/7.0/toolchain/avr8/avr8-gnu-toolchain/bin/../lib/gcc/avr/5.4.0/avr5\libgcc.a(_divmodsi4.o)
 .text.libgcc   0x00000000        0x0 c:/program files (x86)/atmel/studio/7.0/toolchain/avr8/avr8-gnu-toolchain/bin/../lib/gcc/avr/5.4.0/avr5\libgcc.a(_divmodsi4.o)
 .text.libgcc.prologue
                0x00000000        0x0 c:/program files (x86)/atmel/studio/7.0/toolchain/avr8/avr8-gnu-toolchain/bin/../lib/gcc/avr/5.4.0/avr5\libgcc.a(_divmodsi4.o)
 .text.libgcc.builtins
                0x00000000        0x0 c:/program files (x86)/atmel/studio/7.0/toolchain/avr8/avr8-gnu-toolchain/bin/../lib/gcc/avr/5.4.0/avr5\libgcc.a(_divmodsi4.o)
 .text.libgcc.fmul
                0x00000000        0x0 c:/program files (x86)/atmel/studio/7.0/toolchain/avr8/avr8-gnu-toolchain/bin/../lib/gcc/avr/5.4.0/avr5\libgcc.a(_divmodsi4.o)
 .text.libgcc.fixed
                0x00000000        0x0 c:/program files (x86)/atmel/studio/7.0/toolchain/avr8/avr8-gnu-toolchain/bin/../lib/gcc/avr/5.4.0/avr5\libgcc.a(_divmodsi4.o)
 .text          0x00000000        0x0 c:/program files (x86)/atmel/studio/7.0/toolchain/avr8/avr8-gnu-toolchain/bin/../lib/gcc/avr/5.4.0/avr5\libgcc.a(_negsi2.o)
 .data          0x00000000        0x0 c:/program files (x86)/atmel/studio/7.0/toolchain/avr8/avr8-gnu-toolchain/bin/../lib/gcc/avr/5.4.0/avr5\libgcc.a(_negsi2.o)
 .bss           0x00000000        0x0 c:/program files (x86)/atmel/studio/7.0/toolchain/avr8/avr8-gnu-toolchain/bin/../lib/gcc/avr/5.4.0/avr5\libgcc.a(_negsi2.o)
 .text.libgcc.mul
                0x00000000        0x0 c:/program files (x86)/atmel/studio/7.0/toolchain/avr8/avr8-gnu-toolchain/bin/../lib/gcc/avr/5.4.0/avr5\libgcc.a(_negsi2.o)
 .text.libgcc.div
                0x00000000       0x10 c:/program files (x86)/atmel/studio/7.0/toolchain/avr8/avr8-gnu-toolchain/bin/../lib/gcc/avr/5.4.0/avr5\libgcc.a(_negsi2.o)
 .text.libgcc   0x00000000        0x0 c:/program files (x86)/atmel/studio/7.0/toolchain/avr8/avr8-gnu-toolchain/bin/../lib/gcc/avr/5.4.0/avr5\libgcc.a(_negsi2.o)
 .text.libgcc.prologue
                0x00000000        0x0 c:/program files (x86)/atmel/studio/7.0/toolchain/avr8/avr8-gnu-toolchain/bin/../lib/gcc/avr/5.4.0/avr5\libgcc.a(_negsi2.o)
 .text.libgcc.builtins
                0x00000000        0x0 c:/program files (x86)/atmel/studio/7.0/toolchain/avr8/avr8-gnu-toolchain/bin/../lib/gcc/avr/5.4.0/avr5\libgcc.a(_negsi2.o)
 .text.libgcc.fmul
                0x00000000        0x0 c:/program files (x86)/atmel/studio/7.0/toolchain/avr8/avr8-gnu-toolchain/bin/../lib/gcc/avr/5.4.0/avr5\libgcc.a(_negsi2.o)
 .text.libgcc.fixed
                0x00000000        0x0 c:/program files (x86)/atmel/studio/7.0/toolchain/avr8/avr8-gnu-toolchain/bin/../lib/gcc/avr/5.4.0/avr5\libgcc.a(_negsi2.o)
 .text          0x00000000        0x0 c:/program files (x86)/atmel/studio/7.0/toolchain/avr8/avr8-gnu-toolchain/bin/../lib/gcc/avr/5.4.0/avr5\libgcc.a(_exit.o)
 .data          0x00000000        0x0 c:/program files (x86)/atmel/studio/7.0/toolchain/avr8/avr8-gnu-toolchain/bin/../lib/gcc/avr/5.4.0/avr5\libgcc.a(_exit.o)
 .bss           0x00000000        0x0 c:/program files (x86)/atmel/studio/7.0/toolchain/avr8/avr8-gnu-toolchain/bin/../lib/gcc/avr/5.4.0/avr5\libgcc.a(_exit.o)
 .text.libgcc.mul
                0x00000000        0x0 c:/program files (x86)/atmel/studio/7.0/toolchain/avr8/avr8-gnu-toolchain/bin/../lib/gcc/avr/5.4.0/avr5\libgcc.a(_exit.o)
 .text.libgcc.div
                0x00000000        0x0 c:/program files (x86)/atmel/studio/7.0/toolchain/avr8/avr8-gnu-toolchain/bin/../lib/gcc/avr/5.4.0/avr5\libgcc.a(_exit.o)
 .text.libgcc   0x00000000        0x0 c:/program files (x86)/atmel/studio/7.0/toolchain/avr8/avr8-gnu-toolchain/bin/../lib/gcc/avr/5.4.0/avr5\libgcc.a(_exit.o)
 .text.libgcc.prologue
                0x00000000        0x0 c:/program files (x86)/atmel/studio/7.0/toolchain/avr8/avr8-gnu-toolchain/bin/../lib/gcc/avr/5.4.0/avr5\libgcc.a(_exit.o)
 .text.libgcc.builtins
                0x00000000        0x0 c:/program files (x86)/atmel/studio/7.0/toolchain/avr8/avr8-gnu-toolchain/bin/../lib/gcc/avr/5.4.0/avr5\libgcc.a(_exit.o)
 .text.libgcc.fmul
                0x00000000        0x0 c:/program files (x86)/atmel/studio/7.0/toolchain/avr8/avr8-gnu-toolchain/bin/../lib/gcc/avr/5.4.0/avr5\libgcc.a(_exit.o)
 .text.libgcc.fixed
                0x00000000        0x0 c:/program files (x86)/atmel/studio/7.0/toolchain/avr8/avr8-gnu-toolchain/bin/../lib/gcc/avr/5.4.0/avr5\libgcc.a(_exit.o)
 .text          0x00000000        0x0 c:/program files (x86)/atmel/studio/7.0/toolchain/avr8/avr8-gnu-toolchain/bin/../lib/gcc/avr/5.4.0/avr5\libgcc.a(_copy_data.o)
 .data          0x00000000        0x0 c:/program files (x86)/atmel/studio/7.0/toolchain/avr8/avr8-gnu-toolchain/bin/../lib/gcc/avr/5.4.0/avr5\libgcc.a(_copy_data.o)
 .bss           0x00000000        0x0 c:/program files (x86)/atmel/studio/7.0/toolchain/avr8/avr8-gnu-toolchain/bin/../lib/gcc/avr/5.4.0/avr5\libgcc.a(_copy_data.o)
 .text.libgcc.mul
                0x00000000        0x0 c:/program files (x86)/atmel/studio/7.0/toolchain/avr8/avr8-gnu-toolchain/bin/../lib/gcc/avr/5.4.0/avr5\libgcc.a(_copy_data.o)
 .text.libgcc.div
                0x00000000        0x0 c:/program files (x86)/atmel/studio/7.0/toolchain/avr8/avr8-gnu-toolchain/bin/../lib/gcc/avr/5.4.0/avr5\libgcc.a(_copy_data.o)
 .text.libgcc   0x00000000        0x0 c:/program files (x86)/atmel/studio/7.0/toolchain/avr8/avr8-gnu-toolchain/bin/../lib/gcc/avr/5.4.0/avr5\libgcc.a(_copy_data.o)
 .text.libgcc.prologue
                0x00000000        0x0 c:/program files (x86)/atmel/studio/7.0/toolchain/avr8/avr8-gnu-toolchain/bin/../lib/gcc/avr/5.4.0/avr5\libgcc.a(_copy_data.o)
 .text.libgcc.builtins
                0x00000000        0x0 c:/program files (x86)/atmel/studio/7.0/toolchain/avr8/avr8-gnu-toolchain/bin/../lib/gcc/avr/5.4.0/avr5\libgcc.a(_copy_data.o)
 .text.libgcc.fmul
                0x00000000        0x0 c:/program files (x86)/atmel/studio/7.0/toolchain/avr8/avr8-gnu-toolchain/bin/../lib/gcc/avr/5.4.0/avr5\libgcc.a(_copy_data.o)
 .text.libgcc.fixed
                0x00000000        0x0 c:/program files (x86)/atmel/studio/7.0/toolchain/avr8/avr8-gnu-toolchain/bin/../lib/gcc/avr/5.4.0/avr5\libgcc.a(_copy_data.o)
 .text          0x00000000        0x0 c:/program files (x86)/atmel/studio/7.0/toolchain/avr8/avr8-gnu-toolchain/bin/../lib/gcc/avr/5.4.0/avr5\libgcc.a(_clear_bss.o)
 .data          0x00000000        0x0 c:/program files (x86)/atmel/studio/7.0/toolchain/avr8/avr8-gnu-toolchain/bin/../lib/gcc/avr/5.4.0/avr5\libgcc.a(_clear_bss.o)
 .bss           0x00000000        0x0 c:/program files (x86)/atmel/studio/7.0/toolchain/avr8/avr8-gnu-toolchain/bin/../lib/gcc/avr/5.4.0/avr5\libgcc.a(_clear_bss.o)
 .text.libgcc.mul
                0x00000000        0x0 c:/program files (x86)/atmel/studio/7.0/toolchain/avr8/avr8-gnu-toolchain/bin/../lib/gcc/avr/5.4.0/avr5\libgcc.a(_clear_bss.o)
 .text.libgcc.div
                0x00000000        0x0 c:/program files (x86)/atmel/studio/7.0/toolchain/avr8/avr8-gnu-toolchain/bin/../lib/gcc/avr/5.4.0/avr5\libgcc.a(_clear_bss.o)
 .text.libgcc   0x00000000        0x0 c:/program files (x86)/atmel/studio/7.0/toolchain/avr8/avr8-gnu-toolchain/bin/../lib/gcc/avr/5.4.0/avr5\libgcc.a(_clear_bss.o)
 .text.libgcc.prologue
                0x00000000        0x0 c:/program files (x86)/atmel/studio/7.0/toolchain/avr8/avr8-gnu-toolchain/bin/../lib/gcc/avr/5.4.0/avr5\libgcc.a(_clear_bss.o)
 .text.libgcc.builtins
                0x00000000        0x0 c:/program files (x86)/atmel/studio/7.0/toolchain/avr8/avr8-gnu-toolchain/bin/../lib/gcc/avr/5.4.0/avr5\libgcc.a(_clear_bss.o)
 .text.libgcc.fmul
                0x00000000        0x0 c:/program files (x86)/atmel/studio/7.0/toolchain/avr8/avr8-gnu-toolchain/bin/../lib/gcc/avr/5.4.0/avr5\libgcc.a(_clear_bss.o)
 .text.libgcc.fixed
                0x00000000        0x0 c:/program files (x86)/atmel/studio/7.0/toolchain/avr8/avr8-gnu-toolchain/bin/../lib/gcc/avr/5.4.0/avr5\libgcc.a(_clear_bss.o)
 .text          0x00000000        0x0 c:/program files (x86)/atmel/studio/7.0/toolchain/avr8/avr8-gnu-toolchain/bin/../lib/gcc/avr/5.4.0/avr5\libgcc.a(_ashrdi3.o)
 .data          0x00000000        0x0 c:/program files (x86)/atmel/studio/7.0/toolchain/avr8/avr8-gnu-toolchain/bin/../lib/gcc/avr/5.4.0/avr5\libgcc.a(_ashrdi3.o)
 .bss           0x00000000        0x0 c:/program files (x86)/atmel/studio/7.0/toolchain/avr8/avr8-gnu-toolchain/bin/../lib/gcc/avr/5.4.0/avr5\libgcc.a(_ashrdi3.o)
 .text.libgcc.mul
                0x00000000        0x0 c:/program files (x86)/atmel/studio/7.0/toolchain/avr8/avr8-gnu-toolchain/bin/../lib/gcc/avr/5.4.0/avr5\libgcc.a(_ashrdi3.o)
 .text.libgcc.div
                0x00000000        0x0 c:/program files (x86)/atmel/studio/7.0/toolchain/avr8/avr8-gnu-toolchain/bin/../lib/gcc/avr/5.4.0/avr5\libgcc.a(_ashrdi3.o)
 .text.libgcc   0x00000000        0x0 c:/program files (x86)/atmel/studio/7.0/toolchain/avr8/avr8-gnu-toolchain/bin/../lib/gcc/avr/5.4.0/avr5\libgcc.a(_ashrdi3.o)
 .text.libgcc.prologue
                0x00000000        0x0 c:/program files (x86)/atmel/studio/7.0/toolchain/avr8/avr8-gnu-toolchain/bin/../lib/gcc/avr/5.4.0/avr5\libgcc.a(_ashrdi3.o)
 .text.libgcc.builtins
                0x00000000       0x3c c:/program files (x86)/atmel/studio/7.0/toolchain/avr8/avr8-gnu-toolchain/bin/../lib/gcc/avr/5.4.0/avr5\libgcc.a(_ashrdi3.o)
 .text.libgcc.fmul
                0x00000000        0x0 c:/program files (x86)/atmel/studio/7.0/toolchain/avr8/avr8-gnu-toolchain/bin/../lib/gcc/avr/5.4.0/avr5\libgcc.a(_ashrdi3.o)
 .text.libgcc.fixed
                0x00000000        0x0 c:/program files (x86)/atmel/studio/7.0/toolchain/avr8/avr8-gnu-toolchain/bin/../lib/gcc/avr/5.4.0/avr5\libgcc.a(_ashrdi3.o)
 .text          0x00000000        0x0 c:/program files (x86)/atmel/studio/7.0/toolchain/avr8/avr8-gnu-toolchain/bin/../lib/gcc/avr/5.4.0/avr5\libgcc.a(_cmpdi2_s8.o)
 .data          0x00000000        0x0 c:/program files (x86)/atmel/studio/7.0/toolchain/avr8/avr8-gnu-toolchain/bin/../lib/gcc/avr/5.4.0/avr5\libgcc.a(_cmpdi2_s8.o)
 .bss           0x00000000        0x0 c:/program files (x86)/atmel/studio/7.0/toolchain/avr8/avr8-gnu-toolchain/bin/../lib/gcc/avr/5.4.0/avr5\libgcc.a(_cmpdi2_s8.o)
 .text.libgcc.mul
                0x00000000        0x0 c:/program files (x86)/atmel/studio/7.0/toolchain/avr8/avr8-gnu-toolchain/bin/../lib/gcc/avr/5.4.0/avr5\libgcc.a(_cmpdi2_s8.o)
 .text.libgcc.div
                0x00000000        0x0 c:/program files (x86)/atmel/studio/7.0/toolchain/avr8/avr8-gnu-toolchain/bin/../lib/gcc/avr/5.4.0/avr5\libgcc.a(_cmpdi2_s8.o)
 .text.libgcc   0x00000000       0x18 c:/program files (x86)/atmel/studio/7.0/toolchain/avr8/avr8-gnu-toolchain/bin/../lib/gcc/avr/5.4.0/avr5\libgcc.a(_cmpdi2_s8.o)
 .text.libgcc.prologue
                0x00000000        0x0 c:/program files (x86)/atmel/studio/7.0/toolchain/avr8/avr8-gnu-toolchain/bin/../lib/gcc/avr/5.4.0/avr5\libgcc.a(_cmpdi2_s8.o)
 .text.libgcc.builtins
                0x00000000        0x0 c:/program files (x86)/atmel/studio/7.0/toolchain/avr8/avr8-gnu-toolchain/bin/../lib/gcc/avr/5.4.0/avr5\libgcc.a(_cmpdi2_s8.o)
 .text.libgcc.fmul
                0x00000000        0x0 c:/program files (x86)/atmel/studio/7.0/toolchain/avr8/avr8-gnu-toolchain/bin/../lib/gcc/avr/5.4.0/avr5\libgcc.a(_cmpdi2_s8.o)
 .text.libgcc.fixed
                0x00000000        0x0 c:/program files (x86)/atmel/studio/7.0/toolchain/avr8/avr8-gnu-toolchain/bin/../lib/gcc/avr/5.4.0/avr5\libgcc.a(_cmpdi2_s8.o)
 .text          0x00000000        0x0 c:/program files (x86)/atmel/studio/7.0/toolchain/avr8/avr8-gnu-toolchain/bin/../lib/gcc/avr/5.4.0/avr5\libgcc.a(_udivmodsi4.o)
 .data          0x00000000        0x0 c:/program files (x86)/atmel/studio/7.0/toolchain/avr8/avr8-gnu-toolchain/bin/../lib/gcc/avr/5.4.0/avr5\libgcc.a(_udivmodsi4.o)
 .bss           0x00000000        0x0 c:/program files (x86)/atmel/studio/7.0/toolchain/avr8/avr8-gnu-toolchain/bin/../lib/gcc/avr/5.4.0/avr5\libgcc.a(_udivmodsi4.o)
 .text.libgcc.mul
                0x00000000        0x0 c:/program files (x86)/atmel/studio/7.0/toolchain/avr8/avr8-gnu-toolchain/bin/../lib/gcc/avr/5.4.0/avr5\libgcc.a(_udivmodsi4.o)
 .text.libgcc.div
                0x00000000       0x44 c:/program files (x86)/atmel/studio/7.0/toolchain/avr8/avr8-gnu-toolchain/bin/../lib/gcc/avr/5.4.0/avr5\libgcc.a(_udivmodsi4.o)
 .text.libgcc   0x00000000        0x0 c:/program files (x86)/atmel/studio/7.0/toolchain/avr8/avr8-gnu-toolchain/bin/../lib/gcc/avr/5.4.0/avr5\libgcc.a(_udivmodsi4.o)
 .text.libgcc.prologue
                0x00000000        0x0 c:/program files (x86)/atmel/studio/7.0/toolchain/avr8/avr8-gnu-toolchain/bin/../lib/gcc/avr/5.4.0/avr5\libgcc.a(_udivmodsi4.o)
 .text.libgcc.builtins
                0x00000000        0x0 c:/program files (x86)/atmel/studio/7.0/toolchain/avr8/avr8-gnu-toolchain/bin/../lib/gcc/avr/5.4.0/avr5\libgcc.a(_udivmodsi4.o)
 .text.libgcc.fmul
                0x00000000        0x0 c:/program files (x86)/atmel/studio/7.0/toolchain/avr8/avr8-gnu-toolchain/bin/../lib/gcc/avr/5.4.0/avr5\libgcc.a(_udivmodsi4.o)
 .text.libgcc.fixed
                0x00000000        0x0 c:/program files (x86)/atmel/studio/7.0/toolchain/avr8/avr8-gnu-toolchain/bin/../lib/gcc/avr/5.4.0/avr5\libgcc.a(_udivmodsi4.o)
 .text          0x00000000        0x0 c:/program files (x86)/atmel/studio/7.0/toolchain/avr8/avr8-gnu-toolchain/bin/../lib/gcc/avr/5.4.0/../../../../avr/lib/avr5\libc.a(memcpy.o)
 .data          0x00000000        0x0 c:/program files (x86)/atmel/studio/7.0/toolchain/avr8/avr8-gnu-toolchain/bin/../lib/gcc/avr/5.4.0/../../../../avr/lib/avr5\libc.a(memcpy.o)
 .bss           0x00000000        0x0 c:/program files (x86)/atmel/studio/7.0/toolchain/avr8/avr8-gnu-toolchain/bin/../lib/gcc/avr/5.4.0/../../../../avr/lib/avr5\libc.a(memcpy.o)
 .text          0x00000000        0x0 c:/program files (x86)/atmel/studio/7.0/toolchain/avr8/avr8-gnu-toolchain/bin/../lib/gcc/avr/5.4.0/../../../../avr/lib/avr5\libc.a(itoa_ncheck.o)
 .data          0x00000000        0x0 c:/program files (x86)/atmel/studio/7.0/toolchain/avr8/avr8-gnu-toolchain/bin/../lib/gcc/avr/5.4.0/../../../../avr/lib/avr5\libc.a(itoa_ncheck.o)
 .bss           0x00000000        0x0 c:/program files (x86)/atmel/studio/7.0/toolchain/avr8/avr8-gnu-toolchain/bin/../lib/gcc/avr/5.4.0/../../../../avr/lib/avr5\libc.a(itoa_ncheck.o)
 .text          0x00000000        0x0 c:/program files (x86)/atmel/studio/7.0/toolchain/avr8/avr8-gnu-toolchain/bin/../lib/gcc/avr/5.4.0/../../../../avr/lib/avr5\libc.a(utoa_ncheck.o)
 .data          0x00000000        0x0 c:/program files (x86)/atmel/studio/7.0/toolchain/avr8/avr8-gnu-toolchain/bin/../lib/gcc/avr/5.4.0/../../../../avr/lib/avr5\libc.a(utoa_ncheck.o)
 .bss           0x00000000        0x0 c:/program files (x86)/atmel/studio/7.0/toolchain/avr8/avr8-gnu-toolchain/bin/../lib/gcc/avr/5.4.0/../../../../avr/lib/avr5\libc.a(utoa_ncheck.o)
 .text          0x00000000        0x0 c:/program files (x86)/atmel/studio/7.0/toolchain/avr8/avr8-gnu-toolchain/bin/../lib/gcc/avr/5.4.0/../../../../avr/lib/avr5\libc.a(strrev.o)
 .data          0x00000000        0x0 c:/program files (x86)/atmel/studio/7.0/toolchain/avr8/avr8-gnu-toolchain/bin/../lib/gcc/avr/5.4.0/../../../../avr/lib/avr5\libc.a(strrev.o)
 .bss           0x00000000        0x0 c:/program files (x86)/atmel/studio/7.0/toolchain/avr8/avr8-gnu-toolchain/bin/../lib/gcc/avr/5.4.0/../../../../avr/lib/avr5\libc.a(strrev.o)

Memory Configuration

Name             Origin             Length             Attributes
text             0x00000000         0x00008000         xr
data             0x00800060         0x00000800         rw !x
eeprom           0x00810000         0x00000400         rw !x
fuse             0x00820000         0x00000002         rw !x
lock             0x00830000         0x00000400         rw !x
signature        0x00840000         0x00000400         rw !x
user_signatures  0x00850000         0x00000400         rw !x
*default*        0x00000000         0xffffffff

Linker script and memory map

LOAD C:/Program Files (x86)/Atmel/Studio/7.0/Packs/atmel/ATmega_DFP/1.7.374/gcc/dev/atmega32/avr5/crtatmega32.o
LOAD FreeRTOS/Src/croutine.o
LOAD FreeRTOS/Src/event_groups.o
LOAD FreeRTOS/Src/heap_1.o
LOAD FreeRTOS/Src/integer.o
LOAD FreeRTOS/Src/list.o
LOAD FreeRTOS/Src/PollQ.o
LOAD FreeRTOS/Src/port.o
LOAD FreeRTOS/Src/queue.o
LOAD FreeRTOS/Src/tasks.o
LOAD HAL/LCD/LCD_program.o
LOAD HAL/NTC_Temperature/NTC_program.o
LOAD main.o
LOAD MCAL/ADC/ADC_config.o
LOAD MCAL/ADC/ADC_program.o
LOAD MCAL/GPIO/GPIO_program.o
LOAD MCAL/USART/USART_config.o
LOAD MCAL/USART/USART_program.o
LOAD SERVICE/STRING_SERVICE_FUN.o
START GROUP
LOAD c:/program files (x86)/atmel/studio/7.0/toolchain/avr8/avr8-gnu-toolchain/bin/../lib/gcc/avr/5.4.0/../../../../avr/lib/avr5\libm.a
END GROUP
LOAD c:/program files (x86)/atmel/studio/7.0/toolchain/avr8/avr8-gnu-toolchain/bin/../lib/gcc/avr/5.4.0/avr5\libgcc.a
LOAD c:/program files (x86)/atmel/studio/7.0/toolchain/avr8/avr8-gnu-toolchain/bin/../lib/gcc/avr/5.4.0/../../../../avr/lib/avr5\libm.a
START GROUP
LOAD c:/program files (x86)/atmel/studio/7.0/toolchain/avr8/avr8-gnu-toolchain/bin/../lib/gcc/avr/5.4.0/avr5\libgcc.a
LOAD c:/program files (x86)/atmel/studio/7.0/toolchain/avr8/avr8-gnu-toolchain/bin/../lib/gcc/avr/5.4.0/../../../../avr/lib/avr5\libm.a
LOAD c:/program files (x86)/atmel/studio/7.0/toolchain/avr8/avr8-gnu-toolchain/bin/../lib/gcc/avr/5.4.0/../../../../avr/lib/avr5\libc.a
LOAD C:/Program Files (x86)/Atmel/Studio/7.0/Packs/atmel/ATmega_DFP/1.7.374/gcc/dev/atmega32/avr5\libatmega32.a
END GROUP
                0x00000000                __TEXT_REGION_ORIGIN__ = DEFINED (__TEXT_REGION_ORIGIN__)?__TEXT_REGION_ORIGIN__:0x0
                [0x00800060]                __DATA_REGION_ORIGIN__ = DEFINED (__DATA_REGION_ORIGIN__)?__DATA_REGION_ORIGIN__:0x800060
                [0x00008000]                __TEXT_REGION_LENGTH__ = DEFINED (__TEXT_REGION_LENGTH__)?__TEXT_REGION_LENGTH__:0x20000
                [0x00000800]                __DATA_REGION_LENGTH__ = DEFINED (__DATA_REGION_LENGTH__)?__DATA_REGION_LENGTH__:0xffa0
                [0x00000400]                __EEPROM_REGION_LENGTH__ = DEFINED (__EEPROM_REGION_LENGTH__)?__EEPROM_REGION_LENGTH__:0x10000
                [0x00000002]                __FUSE_REGION_LENGTH__ = DEFINED (__FUSE_REGION_LENGTH__)?__FUSE_REGION_LENGTH__:0x400
                0x00000400                __LOCK_REGION_LENGTH__ = DEFINED (__LOCK_REGION_LENGTH__)?__LOCK_REGION_LENGTH__:0x400
                0x00000400                __SIGNATURE_REGION_LENGTH__ = DEFINED (__SIGNATURE_REGION_LENGTH__)?__SIGNATURE_REGION_LENGTH__:0x400
                0x00000400                __USER_SIGNATURE_REGION_LENGTH__ = DEFINED (__USER_SIGNATURE_REGION_LENGTH__)?__USER_SIGNATURE_REGION_LENGTH__:0x400

.hash
 *(.hash)

.dynsym
 *(.dynsym)

.dynstr
 *(.dynstr)

.gnu.version
 *(.gnu.version)

.gnu.version_d
 *(.gnu.version_d)

.gnu.version_r
 *(.gnu.version_r)

.rel.init
 *(.rel.init)

.rela.init
 *(.rela.init)

.rel.text
 *(.rel.text)
 *(.rel.text.*)
 *(.rel.gnu.linkonce.t*)

.rela.text
 *(.rela.text)
 *(.rela.text.*)
 *(.rela.gnu.linkonce.t*)

.rel.fini
 *(.rel.fini)

.rela.fini
 *(.rela.fini)

.rel.rodata
 *(.rel.rodata)
 *(.rel.rodata.*)
 *(.rel.gnu.linkonce.r*)

.rela.rodata
 *(.rela.rodata)
 *(.rela.rodata.*)
 *(.rela.gnu.linkonce.r*)

.rel.data
 *(.rel.data)
 *(.rel.data.*)
 *(.rel.gnu.linkonce.d*)

.rela.data
 *(.rela.data)
 *(.rela.data.*)
 *(.rela.gnu.linkonce.d*)

.rel.ctors
 *(.rel.ctors)

.rela.ctors
 *(.rela.ctors)

.rel.dtors
 *(.rel.dtors)

.rela.dtors
 *(.rela.dtors)

.rel.got
 *(.rel.got)

.rela.got
 *(.rela.got)

.rel.bss
 *(.rel.bss)

.rela.bss
 *(.rela.bss)

.rel.plt
 *(.rel.plt)

.rela.plt
 *(.rela.plt)

.text           0x00000000     0x2ca2
 *(.vectors)
 .vectors       0x00000000       0x54 C:/Program Files (x86)/Atmel/Studio/7.0/Packs/atmel/ATmega_DFP/1.7.374/gcc/dev/atmega32/avr5/crtatmega32.o
                0x00000000                __vector_default
                0x00000000                __vectors
 *(.vectors)
 *(.progmem.gcc*)
 .progmem.gcc_fplib
                0x00000054       0x5a c:/program files (x86)/atmel/studio/7.0/toolchain/avr8/avr8-gnu-toolchain/bin/../lib/gcc/avr/5.4.0/../../../../avr/lib/avr5\libm.a(log.o)
                0x000000ae                . = ALIGN (0x2)
                0x000000ae                __trampolines_start = .
 *(.trampolines)
 .trampolines   0x000000ae        0x0 linker stubs
 *(.trampolines*)
                0x000000ae                __trampolines_end = .
 *libprintf_flt.a:*(.progmem.data)
 *libc.a:*(.progmem.data)
 *(.progmem*)
                0x000000ae                . = ALIGN (0x2)
 *(.jumptables)
 *(.jumptables*)
 *(.lowtext)
 *(.lowtext*)
                0x000000ae                __ctors_start = .
 *(.ctors)
                0x000000ae                __ctors_end = .
                0x000000ae                __dtors_start = .
 *(.dtors)
                0x000000ae                __dtors_end = .
 SORT(*)(.ctors)
 SORT(*)(.dtors)
 *(.init0)
 .init0         0x000000ae        0x0 C:/Program Files (x86)/Atmel/Studio/7.0/Packs/atmel/ATmega_DFP/1.7.374/gcc/dev/atmega32/avr5/crtatmega32.o
                0x000000ae                __init
 *(.init0)
 *(.init1)
 *(.init1)
 *(.init2)
 .init2         0x000000ae        0xc C:/Program Files (x86)/Atmel/Studio/7.0/Packs/atmel/ATmega_DFP/1.7.374/gcc/dev/atmega32/avr5/crtatmega32.o
 *(.init2)
 *(.init3)
 *(.init3)
 *(.init4)
 .init4         0x000000ba       0x16 c:/program files (x86)/atmel/studio/7.0/toolchain/avr8/avr8-gnu-toolchain/bin/../lib/gcc/avr/5.4.0/avr5\libgcc.a(_copy_data.o)
                0x000000ba                __do_copy_data
 .init4         0x000000d0       0x10 c:/program files (x86)/atmel/studio/7.0/toolchain/avr8/avr8-gnu-toolchain/bin/../lib/gcc/avr/5.4.0/avr5\libgcc.a(_clear_bss.o)
                0x000000d0                __do_clear_bss
 *(.init4)
 *(.init5)
 *(.init5)
 *(.init6)
 *(.init6)
 *(.init7)
 *(.init7)
 *(.init8)
 *(.init8)
 *(.init9)
 .init9         0x000000e0        0x8 C:/Program Files (x86)/Atmel/Studio/7.0/Packs/atmel/ATmega_DFP/1.7.374/gcc/dev/atmega32/avr5/crtatmega32.o
 *(.init9)
 *(.text)
 .text          0x000000e8        0x4 C:/Program Files (x86)/Atmel/Studio/7.0/Packs/atmel/ATmega_DFP/1.7.374/gcc/dev/atmega32/avr5/crtatmega32.o
                0x000000e8                __vector_1
                0x000000e8                __vector_12
                0x000000e8                __bad_interrupt
                0x000000e8                __vector_6
                0x000000e8                __vector_3
                0x000000e8                __vector_11
                0x000000e8                __vector_17
                0x000000e8                __vector_19
                0x000000e8                __vector_5
                0x000000e8                __vector_4
                0x000000e8                __vector_9
                0x000000e8                __vector_2
                0x000000e8                __vector_15
                0x000000e8                __vector_8
                0x000000e8                __vector_14
                0x000000e8                __vector_10
                0x000000e8                __vector_16
                0x000000e8                __vector_18
                0x000000e8                __vector_20
                0x000000ec                . = ALIGN (0x2)
 *(.text.*)
 .text.prvTestWaitCondition
                0x000000ec       0x26 FreeRTOS/Src/event_groups.o
 .text.xEventGroupCreate
                0x00000112       0x26 FreeRTOS/Src/event_groups.o
                0x00000112                xEventGroupCreate
 .text.xEventGroupWaitBits
                0x00000138       0xe4 FreeRTOS/Src/event_groups.o
                0x00000138                xEventGroupWaitBits
 .text.xEventGroupClearBits
                0x0000021c       0x1e FreeRTOS/Src/event_groups.o
                0x0000021c                xEventGroupClearBits
 .text.xEventGroupSetBits
                0x0000023a       0xc8 FreeRTOS/Src/event_groups.o
                0x0000023a                xEventGroupSetBits
 .text.pvPortMalloc
                0x00000302       0x6a FreeRTOS/Src/heap_1.o
                0x00000302                pvPortMalloc
 .text.vPortFree
                0x0000036c        0x2 FreeRTOS/Src/heap_1.o
                0x0000036c                vPortFree
 .text.vListInitialise
                0x0000036e       0x1c FreeRTOS/Src/list.o
                0x0000036e                vListInitialise
 .text.vListInitialiseItem
                0x0000038a        0x8 FreeRTOS/Src/list.o
                0x0000038a                vListInitialiseItem
 .text.vListInsertEnd
                0x00000392       0x42 FreeRTOS/Src/list.o
                0x00000392                vListInsertEnd
 .text.vListInsert
                0x000003d4       0x62 FreeRTOS/Src/list.o
                0x000003d4                vListInsert
 .text.uxListRemove
                0x00000436       0x4c FreeRTOS/Src/list.o
                0x00000436                uxListRemove
 .text.prvSetupTimerInterrupt
                0x00000482       0x12 FreeRTOS/Src/port.o
 .text.pxPortInitialiseStack
                0x00000494       0xd8 FreeRTOS/Src/port.o
                0x00000494                pxPortInitialiseStack
 .text.xPortStartScheduler
                0x0000056c       0x5e FreeRTOS/Src/port.o
                0x0000056c                xPortStartScheduler
 .text.vPortYield
                0x000005ca       0xb2 FreeRTOS/Src/port.o
                0x000005ca                vPortYield
 .text.vPortYieldFromTick
                0x0000067c       0xb8 FreeRTOS/Src/port.o
                0x0000067c                vPortYieldFromTick
 .text.__vector_7
                0x00000734        0x6 FreeRTOS/Src/port.o
                0x00000734                __vector_7
 .text.prvIsQueueEmpty
                0x0000073a       0x1a FreeRTOS/Src/queue.o
 .text.prvIsQueueFull
                0x00000754       0x1c FreeRTOS/Src/queue.o
 .text.prvCopyDataToQueue
                0x00000770       0xc0 FreeRTOS/Src/queue.o
 .text.prvCopyDataFromQueue
                0x00000830       0x34 FreeRTOS/Src/queue.o
 .text.prvUnlockQueue
                0x00000864       0x6c FreeRTOS/Src/queue.o
 .text.xQueueGenericReset
                0x000008d0       0x8c FreeRTOS/Src/queue.o
                0x000008d0                xQueueGenericReset
 .text.xQueueGenericCreate
                0x0000095c       0x5c FreeRTOS/Src/queue.o
                0x0000095c                xQueueGenericCreate
 .text.xQueueGenericSend
                0x000009b8      0x124 FreeRTOS/Src/queue.o
                0x000009b8                xQueueGenericSend
 .text.xQueueCreateMutex
                0x00000adc       0x58 FreeRTOS/Src/queue.o
                0x00000adc                xQueueCreateMutex
 .text.xQueueGenericReceive
                0x00000b34      0x174 FreeRTOS/Src/queue.o
                0x00000b34                xQueueGenericReceive
 .text.prvResetNextTaskUnblockTime
                0x00000ca8       0x3e FreeRTOS/Src/tasks.o
 .text.prvAllocateTCBAndStack
                0x00000ce6       0x50 FreeRTOS/Src/tasks.o
 .text.prvDeleteTCB
                0x00000d36       0x1a FreeRTOS/Src/tasks.o
 .text.prvInitialiseTCBVariables
                0x00000d50       0x6a FreeRTOS/Src/tasks.o
 .text.prvInitialiseTaskLists
                0x00000dba       0x66 FreeRTOS/Src/tasks.o
 .text.prvAddCurrentTaskToDelayedList
                0x00000e20       0x6e FreeRTOS/Src/tasks.o
 .text.xTaskGenericCreate
                0x00000e8e      0x170 FreeRTOS/Src/tasks.o
                0x00000e8e                xTaskGenericCreate
 .text.vTaskStartScheduler
                0x00000ffe       0x56 FreeRTOS/Src/tasks.o
                0x00000ffe                vTaskStartScheduler
 .text.vTaskSuspendAll
                0x00001054        0xc FreeRTOS/Src/tasks.o
                0x00001054                vTaskSuspendAll
 .text.xTaskIncrementTick
                0x00001060      0x178 FreeRTOS/Src/tasks.o
                0x00001060                xTaskIncrementTick
 .text.xTaskResumeAll
                0x000011d8       0xe2 FreeRTOS/Src/tasks.o
                0x000011d8                xTaskResumeAll
 .text.vTaskDelay
                0x000012ba       0x44 FreeRTOS/Src/tasks.o
                0x000012ba                vTaskDelay
 .text.prvCheckTasksWaitingTermination
                0x000012fe       0x5c FreeRTOS/Src/tasks.o
 .text.prvIdleTask
                0x0000135a       0x12 FreeRTOS/Src/tasks.o
 .text.vTaskSwitchContext
                0x0000136c       0xb8 FreeRTOS/Src/tasks.o
                0x0000136c                vTaskSwitchContext
 .text.vTaskPlaceOnEventList
                0x00001424       0x3a FreeRTOS/Src/tasks.o
                0x00001424                vTaskPlaceOnEventList
 .text.vTaskPlaceOnUnorderedEventList
                0x0000145e       0x48 FreeRTOS/Src/tasks.o
                0x0000145e                vTaskPlaceOnUnorderedEventList
 .text.xTaskRemoveFromEventList
                0x000014a6       0x90 FreeRTOS/Src/tasks.o
                0x000014a6                xTaskRemoveFromEventList
 .text.xTaskRemoveFromUnorderedEventList
                0x00001536       0x74 FreeRTOS/Src/tasks.o
                0x00001536                xTaskRemoveFromUnorderedEventList
 .text.vTaskSetTimeOutState
                0x000015aa       0x16 FreeRTOS/Src/tasks.o
                0x000015aa                vTaskSetTimeOutState
 .text.xTaskCheckForTimeOut
                0x000015c0       0x64 FreeRTOS/Src/tasks.o
                0x000015c0                xTaskCheckForTimeOut
 .text.vTaskMissedYield
                0x00001624        0x8 FreeRTOS/Src/tasks.o
                0x00001624                vTaskMissedYield
 .text.vTaskPriorityInherit
                0x0000162c       0xc4 FreeRTOS/Src/tasks.o
                0x0000162c                vTaskPriorityInherit
 .text.xTaskPriorityDisinherit
                0x000016f0       0x80 FreeRTOS/Src/tasks.o
                0x000016f0                xTaskPriorityDisinherit
 .text.uxTaskResetEventItemValue
                0x00001770       0x2e FreeRTOS/Src/tasks.o
                0x00001770                uxTaskResetEventItemValue
 .text.pvTaskIncrementMutexHeldCount
                0x0000179e       0x24 FreeRTOS/Src/tasks.o
                0x0000179e                pvTaskIncrementMutexHeldCount
 .text.LCD_SendCommand
                0x000017c2      0x10c HAL/LCD/LCD_program.o
                0x000017c2                LCD_SendCommand
 .text.LCD_init
                0x000018ce       0x56 HAL/LCD/LCD_program.o
                0x000018ce                LCD_init
 .text.LCD_DisplayCharacter
                0x00001924      0x130 HAL/LCD/LCD_program.o
                0x00001924                LCD_DisplayCharacter
 .text.LCD_DisplayString
                0x00001a54       0x26 HAL/LCD/LCD_program.o
                0x00001a54                LCD_DisplayString
 .text.LCD_MoveCursor
                0x00001a7a       0x54 HAL/LCD/LCD_program.o
                0x00001a7a                LCD_MoveCursor
 .text.LCD_DisplayStringRowCol
                0x00001ace       0x1a HAL/LCD/LCD_program.o
                0x00001ace                LCD_DisplayStringRowCol
 .text.LCD_ClearScreen
                0x00001ae8       0x10 HAL/LCD/LCD_program.o
                0x00001ae8                LCD_ClearScreen
 .text.LCD_intToString
                0x00001af8       0x3e HAL/LCD/LCD_program.o
                0x00001af8                LCD_intToString
 .text.NTC_GetTemperature
                0x00001b36       0xd4 HAL/NTC_Temperature/NTC_program.o
                0x00001b36                NTC_GetTemperature
 .text.T_T3_Catch_Update_Temp
                0x00001c0a       0x9c main.o
                0x00001c0a                T_T3_Catch_Update_Temp
 .text.T_T4_UART_listen
                0x00001ca6       0xd0 main.o
                0x00001ca6                T_T4_UART_listen
 .text.T_T5_Update_LCD
                0x00001d76      0x1f8 main.o
                0x00001d76                T_T5_Update_LCD
 .text.System_Init
                0x00001f6e       0x12 main.o
                0x00001f6e                System_Init
 .text.LCD_MAINInit
                0x00001f80       0x7c main.o
                0x00001f80                LCD_MAINInit
 .text.main     0x00001ffc       0xe0 main.o
                0x00001ffc                main
 .text.F_fireStateScreen
                0x000020dc       0x12 main.o
                0x000020dc                F_fireStateScreen
 .text.T_T6_SwitchBetHaz_Nor
                0x000020ee       0x76 main.o
                0x000020ee                T_T6_SwitchBetHaz_Nor
 .text.ADC_OnlyStartConversionGeneral
                0x00002164       0x12 MCAL/ADC/ADC_program.o
                0x00002164                ADC_OnlyStartConversionGeneral
 .text.ADC_Init
                0x00002176       0x86 MCAL/ADC/ADC_program.o
                0x00002176                ADC_Init
 .text.ADC_ReadConversionRegister
                0x000021fc       0x3c MCAL/ADC/ADC_program.o
                0x000021fc                ADC_ReadConversionRegister
 .text.ADC_ReadChannelSingleConvertion
                0x00002238       0x14 MCAL/ADC/ADC_program.o
                0x00002238                ADC_ReadChannelSingleConvertion
 .text.GPIO_SetPinDirection
                0x0000224c      0x1ac MCAL/GPIO/GPIO_program.o
                0x0000224c                GPIO_SetPinDirection
 .text.GPIO_WritePin
                0x000023f8       0xf6 MCAL/GPIO/GPIO_program.o
                0x000023f8                GPIO_WritePin
 .text.GPIO_SetPortDirection
                0x000024ee       0x96 MCAL/GPIO/GPIO_program.o
                0x000024ee                GPIO_SetPortDirection
 .text.GPIO_init
                0x00002584       0x5a MCAL/GPIO/GPIO_program.o
                0x00002584                GPIO_init
 .text.__vector_13
                0x000025de       0x52 MCAL/USART/USART_program.o
                0x000025de                __vector_13
 .text.USART_Init
                0x00002630       0x82 MCAL/USART/USART_program.o
                0x00002630                USART_Init
 .text.USART_SendBytePolling
                0x000026b2       0x1a MCAL/USART/USART_program.o
                0x000026b2                USART_SendBytePolling
 .text.USART_SendStringPolling
                0x000026cc       0x28 MCAL/USART/USART_program.o
                0x000026cc                USART_SendStringPolling
 .text.UART_receiveByteUnblocking
                0x000026f4       0x12 MCAL/USART/USART_program.o
                0x000026f4                UART_receiveByteUnblocking
 .text.avr-libc.fplib
                0x00002706        0xe c:/program files (x86)/atmel/studio/7.0/toolchain/avr8/avr8-gnu-toolchain/bin/../lib/gcc/avr/5.4.0/../../../../avr/lib/avr5\libm.a(addsf3.o)
                0x00002706                __subsf3
                0x00002708                __addsf3
 .text.avr-libc.fplib
                0x00002714       0xcc c:/program files (x86)/atmel/studio/7.0/toolchain/avr8/avr8-gnu-toolchain/bin/../lib/gcc/avr/5.4.0/../../../../avr/lib/avr5\libm.a(addsf3x.o)
                0x00002736                __addsf3x
 .text.avr-libc.fplib
                0x000027e0        0x8 c:/program files (x86)/atmel/studio/7.0/toolchain/avr8/avr8-gnu-toolchain/bin/../lib/gcc/avr/5.4.0/../../../../avr/lib/avr5\libm.a(divsf3.o)
                0x000027e0                __divsf3
 .text.avr-libc.fplib
                0x000027e8       0xdc c:/program files (x86)/atmel/studio/7.0/toolchain/avr8/avr8-gnu-toolchain/bin/../lib/gcc/avr/5.4.0/../../../../avr/lib/avr5\libm.a(divsf3x.o)
                0x00002808                __divsf3x
                0x0000280e                __divsf3_pse
 .text.avr-libc.fplib
                0x000028c4       0x5e c:/program files (x86)/atmel/studio/7.0/toolchain/avr8/avr8-gnu-toolchain/bin/../lib/gcc/avr/5.4.0/../../../../avr/lib/avr5\libm.a(fixunssfsi.o)
                0x000028c4                __fixunssfsi
 .text.avr-libc.fplib
                0x00002922       0x7a c:/program files (x86)/atmel/studio/7.0/toolchain/avr8/avr8-gnu-toolchain/bin/../lib/gcc/avr/5.4.0/../../../../avr/lib/avr5\libm.a(floatsisf.o)
                0x00002922                __floatunsisf
                0x00002926                __floatsisf
 .text.avr-libc.fplib
                0x0000299c        0xc c:/program files (x86)/atmel/studio/7.0/toolchain/avr8/avr8-gnu-toolchain/bin/../lib/gcc/avr/5.4.0/../../../../avr/lib/avr5\libm.a(fp_inf.o)
                0x0000299c                __fp_inf
 .text.avr-libc.fplib
                0x000029a8        0x6 c:/program files (x86)/atmel/studio/7.0/toolchain/avr8/avr8-gnu-toolchain/bin/../lib/gcc/avr/5.4.0/../../../../avr/lib/avr5\libm.a(fp_nan.o)
                0x000029a8                __fp_nan
 .text.avr-libc.fplib
                0x000029ae        0xe c:/program files (x86)/atmel/studio/7.0/toolchain/avr8/avr8-gnu-toolchain/bin/../lib/gcc/avr/5.4.0/../../../../avr/lib/avr5\libm.a(fp_pscA.o)
                0x000029ae                __fp_pscA
 .text.avr-libc.fplib
                0x000029bc        0xe c:/program files (x86)/atmel/studio/7.0/toolchain/avr8/avr8-gnu-toolchain/bin/../lib/gcc/avr/5.4.0/../../../../avr/lib/avr5\libm.a(fp_pscB.o)
                0x000029bc                __fp_pscB
 .text.avr-libc.fplib
                0x000029ca       0x22 c:/program files (x86)/atmel/studio/7.0/toolchain/avr8/avr8-gnu-toolchain/bin/../lib/gcc/avr/5.4.0/../../../../avr/lib/avr5\libm.a(fp_round.o)
                0x000029ca                __fp_round
 .text.avr-libc.fplib
                0x000029ec       0x44 c:/program files (x86)/atmel/studio/7.0/toolchain/avr8/avr8-gnu-toolchain/bin/../lib/gcc/avr/5.4.0/../../../../avr/lib/avr5\libm.a(fp_split3.o)
                0x000029ec                __fp_split3
                0x000029fc                __fp_splitA
 .text.avr-libc.fplib
                0x00002a30        0xe c:/program files (x86)/atmel/studio/7.0/toolchain/avr8/avr8-gnu-toolchain/bin/../lib/gcc/avr/5.4.0/../../../../avr/lib/avr5\libm.a(fp_zero.o)
                0x00002a30                __fp_zero
                0x00002a32                __fp_szero
 .text.avr-libc.fplib
                0x00002a3e       0xa0 c:/program files (x86)/atmel/studio/7.0/toolchain/avr8/avr8-gnu-toolchain/bin/../lib/gcc/avr/5.4.0/../../../../avr/lib/avr5\libm.a(log.o)
                0x00002a4e                log
 .text.avr-libc.fplib
                0x00002ade        0x8 c:/program files (x86)/atmel/studio/7.0/toolchain/avr8/avr8-gnu-toolchain/bin/../lib/gcc/avr/5.4.0/../../../../avr/lib/avr5\libm.a(mulsf3.o)
                0x00002ade                __mulsf3
 .text.avr-libc.fplib
                0x00002ae6       0xd2 c:/program files (x86)/atmel/studio/7.0/toolchain/avr8/avr8-gnu-toolchain/bin/../lib/gcc/avr/5.4.0/../../../../avr/lib/avr5\libm.a(mulsf3x.o)
                0x00002b04                __mulsf3x
                0x00002b0a                __mulsf3_pse
 .text.avr-libc.fplib
                0x00002bb8       0x1c c:/program files (x86)/atmel/studio/7.0/toolchain/avr8/avr8-gnu-toolchain/bin/../lib/gcc/avr/5.4.0/../../../../avr/lib/avr5\libm.a(fp_mpack.o)
                0x00002bb8                __fp_mpack
                0x00002bbc                __fp_mpack_finite
 .text.avr-libc.fplib
                0x00002bd4       0x4e c:/program files (x86)/atmel/studio/7.0/toolchain/avr8/avr8-gnu-toolchain/bin/../lib/gcc/avr/5.4.0/../../../../avr/lib/avr5\libm.a(fp_powser.o)
                0x00002bd4                __fp_powser
 .text.avr-libc
                0x00002c22       0x12 c:/program files (x86)/atmel/studio/7.0/toolchain/avr8/avr8-gnu-toolchain/bin/../lib/gcc/avr/5.4.0/../../../../avr/lib/avr5\libc.a(memcpy.o)
                0x00002c22                memcpy
 .text.avr-libc
                0x00002c34       0x16 c:/program files (x86)/atmel/studio/7.0/toolchain/avr8/avr8-gnu-toolchain/bin/../lib/gcc/avr/5.4.0/../../../../avr/lib/avr5\libc.a(itoa_ncheck.o)
                0x00002c34                __itoa_ncheck
 .text.avr-libc
                0x00002c4a       0x34 c:/program files (x86)/atmel/studio/7.0/toolchain/avr8/avr8-gnu-toolchain/bin/../lib/gcc/avr/5.4.0/../../../../avr/lib/avr5\libc.a(utoa_ncheck.o)
                0x00002c4a                __utoa_ncheck
                0x00002c4c                __utoa_common
 .text.avr-libc
                0x00002c7e       0x20 c:/program files (x86)/atmel/studio/7.0/toolchain/avr8/avr8-gnu-toolchain/bin/../lib/gcc/avr/5.4.0/../../../../avr/lib/avr5\libc.a(strrev.o)
                0x00002c7e                strrev
                0x00002c9e                . = ALIGN (0x2)
 *(.fini9)
 .fini9         0x00002c9e        0x0 c:/program files (x86)/atmel/studio/7.0/toolchain/avr8/avr8-gnu-toolchain/bin/../lib/gcc/avr/5.4.0/avr5\libgcc.a(_exit.o)
                0x00002c9e                _exit
                0x00002c9e                exit
 *(.fini9)
 *(.fini8)
 *(.fini8)
 *(.fini7)
 *(.fini7)
 *(.fini6)
 *(.fini6)
 *(.fini5)
 *(.fini5)
 *(.fini4)
 *(.fini4)
 *(.fini3)
 *(.fini3)
 *(.fini2)
 *(.fini2)
 *(.fini1)
 *(.fini1)
 *(.fini0)
 .fini0         0x00002c9e        0x4 c:/program files (x86)/atmel/studio/7.0/toolchain/avr8/avr8-gnu-toolchain/bin/../lib/gcc/avr/5.4.0/avr5\libgcc.a(_exit.o)
 *(.fini0)
                0x00002ca2                _etext = .

.data           0x00800060       0xe6 load address 0x00002ca2
                0x00800060                PROVIDE (__data_start, .)
 *(.data)
 *(.data*)
 .data.xNextTaskUnblockTime
                0x00800060        0x2 FreeRTOS/Src/tasks.o
 .data.AlarmState
                0x00800062        0x1 main.o
                0x00800062                AlarmState
 .data.thresold_Temp
                0x00800063        0x1 main.o
                0x00800063                thresold_Temp
 .data.ADC_ConfigTypeParam
                0x00800064        0x5 MCAL/ADC/ADC_config.o
                0x00800064                ADC_ConfigTypeParam
 .data.GPIO_configParam
                0x00800069        0x3 MCAL/GPIO/GPIO_program.o
                0x00800069                GPIO_configParam
 .data.USART_ConfigTypeParam
                0x0080006c        0x6 MCAL/USART/USART_config.o
                0x0080006c                USART_ConfigTypeParam
 *(.gnu.linkonce.d*)
 *(.rodata)
 *(.rodata*)
 .rodata.str1.1
                0x00800072        0x5 FreeRTOS/Src/tasks.o
 .rodata.str1.1
                0x00800077       0xce main.o
                                 0xd2 (size before relaxing)
 *(.gnu.linkonce.r*)
                0x00800146                . = ALIGN (0x2)
 *fill*         0x00800145        0x1 
                0x00800146                _edata = .
                0x00800146                PROVIDE (__data_end, .)

.bss            0x00800146      0x4fc
                0x00800146                PROVIDE (__bss_start, .)
 *(.bss)
 *(.bss*)
 .bss.pucAlignedHeap.1980
                0x00800146        0x2 FreeRTOS/Src/heap_1.o
 .bss.xNextFreeByte
                0x00800148        0x2 FreeRTOS/Src/heap_1.o
 .bss.ucHeap    0x0080014a      0x47e FreeRTOS/Src/heap_1.o
 .bss.uxSchedulerSuspended
                0x008005c8        0x1 FreeRTOS/Src/tasks.o
 .bss.uxTaskNumber
                0x008005c9        0x1 FreeRTOS/Src/tasks.o
 .bss.xNumOfOverflows
                0x008005ca        0x1 FreeRTOS/Src/tasks.o
 .bss.xYieldPending
                0x008005cb        0x1 FreeRTOS/Src/tasks.o
 .bss.uxPendedTicks
                0x008005cc        0x1 FreeRTOS/Src/tasks.o
 .bss.xSchedulerRunning
                0x008005cd        0x1 FreeRTOS/Src/tasks.o
 .bss.uxTopReadyPriority
                0x008005ce        0x1 FreeRTOS/Src/tasks.o
 .bss.xTickCount
                0x008005cf        0x2 FreeRTOS/Src/tasks.o
 .bss.uxCurrentNumberOfTasks
                0x008005d1        0x1 FreeRTOS/Src/tasks.o
 .bss.uxTasksDeleted
                0x008005d2        0x1 FreeRTOS/Src/tasks.o
 .bss.xTasksWaitingTermination
                0x008005d3        0x9 FreeRTOS/Src/tasks.o
 .bss.xPendingReadyList
                0x008005dc        0x9 FreeRTOS/Src/tasks.o
 .bss.pxOverflowDelayedTaskList
                0x008005e5        0x2 FreeRTOS/Src/tasks.o
 .bss.pxDelayedTaskList
                0x008005e7        0x2 FreeRTOS/Src/tasks.o
 .bss.xDelayedTaskList2
                0x008005e9        0x9 FreeRTOS/Src/tasks.o
 .bss.xDelayedTaskList1
                0x008005f2        0x9 FreeRTOS/Src/tasks.o
 .bss.pxReadyTasksLists
                0x008005fb       0x36 FreeRTOS/Src/tasks.o
 .bss.pxCurrentTCB
                0x00800631        0x2 FreeRTOS/Src/tasks.o
                0x00800631                pxCurrentTCB
 .bss.col_global
                0x00800633        0x1 HAL/LCD/LCD_program.o
 .bss.row_global
                0x00800634        0x1 HAL/LCD/LCD_program.o
 .bss.ebValues  0x00800635        0x2 main.o
                0x00800635                ebValues
 .bss.egEvents  0x00800637        0x2 main.o
                0x00800637                egEvents
 .bss.MessMailuart_fireState
                0x00800639        0x2 main.o
                0x00800639                MessMailuart_fireState
 .bss.MessQUart_Thres_temp
                0x0080063b        0x2 main.o
                0x0080063b                MessQUart_Thres_temp
 .bss.g_CallBackPtr_Receive_USART
                0x0080063d        0x2 MCAL/USART/USART_program.o
 *(COMMON)
 COMMON         0x0080063f        0x3 main.o
                0x0080063f                xMutexLCD
                0x00800641                Current_Temp
                0x00800642                PROVIDE (__bss_end, .)
                0x00002ca2                __data_load_start = LOADADDR (.data)
                0x00002d88                __data_load_end = (__data_load_start + SIZEOF (.data))

.noinit         0x00800642        0x0
                [!provide]                PROVIDE (__noinit_start, .)
 *(.noinit*)
                [!provide]                PROVIDE (__noinit_end, .)
                0x00800642                _end = .
                [!provide]                PROVIDE (__heap_start, .)

.eeprom         0x00810000        0x0
 *(.eeprom*)
                0x00810000                __eeprom_end = .

.fuse
 *(.fuse)
 *(.lfuse)
 *(.hfuse)
 *(.efuse)

.lock
 *(.lock*)

.signature
 *(.signature*)

.user_signatures
 *(.user_signatures*)

.stab
 *(.stab)

.stabstr
 *(.stabstr)

.stab.excl
 *(.stab.excl)

.stab.exclstr
 *(.stab.exclstr)

.stab.index
 *(.stab.index)

.stab.indexstr
 *(.stab.indexstr)

.comment        0x00000000       0x30
 *(.comment)
 .comment       0x00000000       0x30 FreeRTOS/Src/event_groups.o
                                 0x31 (size before relaxing)
 .comment       0x00000030       0x31 FreeRTOS/Src/heap_1.o
 .comment       0x00000030       0x31 FreeRTOS/Src/list.o
 .comment       0x00000030       0x31 FreeRTOS/Src/port.o
 .comment       0x00000030       0x31 FreeRTOS/Src/queue.o
 .comment       0x00000030       0x31 FreeRTOS/Src/tasks.o
 .comment       0x00000030       0x31 HAL/LCD/LCD_program.o
 .comment       0x00000030       0x31 HAL/NTC_Temperature/NTC_program.o
 .comment       0x00000030       0x31 main.o
 .comment       0x00000030       0x31 MCAL/ADC/ADC_config.o
 .comment       0x00000030       0x31 MCAL/ADC/ADC_program.o
 .comment       0x00000030       0x31 MCAL/GPIO/GPIO_program.o
 .comment       0x00000030       0x31 MCAL/USART/USART_config.o
 .comment       0x00000030       0x31 MCAL/USART/USART_program.o

.note.gnu.avr.deviceinfo
                0x00000000       0x3c
 .note.gnu.avr.deviceinfo
                0x00000000       0x3c C:/Program Files (x86)/Atmel/Studio/7.0/Packs/atmel/ATmega_DFP/1.7.374/gcc/dev/atmega32/avr5/crtatmega32.o

.note.gnu.build-id
 *(.note.gnu.build-id)

.debug
 *(.debug)

.line
 *(.line)

.debug_srcinfo
 *(.debug_srcinfo)

.debug_sfnames
 *(.debug_sfnames)

.debug_aranges  0x00000000      0x580
 *(.debug_aranges)
 .debug_aranges
                0x00000000       0x68 FreeRTOS/Src/event_groups.o
 .debug_aranges
                0x00000068       0x38 FreeRTOS/Src/heap_1.o
 .debug_aranges
                0x000000a0       0x40 FreeRTOS/Src/list.o
 .debug_aranges
                0x000000e0       0x50 FreeRTOS/Src/port.o
 .debug_aranges
                0x00000130       0xd8 FreeRTOS/Src/queue.o
 .debug_aranges
                0x00000208      0x130 FreeRTOS/Src/tasks.o
 .debug_aranges
                0x00000338       0x90 HAL/LCD/LCD_program.o
 .debug_aranges
                0x000003c8       0x20 HAL/NTC_Temperature/NTC_program.o
 .debug_aranges
                0x000003e8       0x58 main.o
 .debug_aranges
                0x00000440       0x18 MCAL/ADC/ADC_config.o
 .debug_aranges
                0x00000458       0x40 MCAL/ADC/ADC_program.o
 .debug_aranges
                0x00000498       0x60 MCAL/GPIO/GPIO_program.o
 .debug_aranges
                0x000004f8       0x18 MCAL/USART/USART_config.o
 .debug_aranges
                0x00000510       0x70 MCAL/USART/USART_program.o

.debug_pubnames
 *(.debug_pubnames)

.debug_info     0x00000000     0x6655
 *(.debug_info .gnu.linkonce.wi.*)
 .debug_info    0x00000000      0x4e6 C:/Program Files (x86)/Atmel/Studio/7.0/Packs/atmel/ATmega_DFP/1.7.374/gcc/dev/atmega32/avr5/crtatmega32.o
 .debug_info    0x000004e6      0x8c3 FreeRTOS/Src/event_groups.o
 .debug_info    0x00000da9      0x1a4 FreeRTOS/Src/heap_1.o
 .debug_info    0x00000f4d      0x2c6 FreeRTOS/Src/list.o
 .debug_info    0x00001213      0x24e FreeRTOS/Src/port.o
 .debug_info    0x00001461     0x12e5 FreeRTOS/Src/queue.o
 .debug_info    0x00002746     0x1528 FreeRTOS/Src/tasks.o
 .debug_info    0x00003c6e      0xe53 HAL/LCD/LCD_program.o
 .debug_info    0x00004ac1      0x120 HAL/NTC_Temperature/NTC_program.o
 .debug_info    0x00004be1      0xcdd main.o
 .debug_info    0x000058be      0x193 MCAL/ADC/ADC_config.o
 .debug_info    0x00005a51      0x2f3 MCAL/ADC/ADC_program.o
 .debug_info    0x00005d44      0x362 MCAL/GPIO/GPIO_program.o
 .debug_info    0x000060a6      0x1ea MCAL/USART/USART_config.o
 .debug_info    0x00006290      0x3c5 MCAL/USART/USART_program.o

.debug_abbrev   0x00000000     0x1859
 *(.debug_abbrev)
 .debug_abbrev  0x00000000      0x4a3 C:/Program Files (x86)/Atmel/Studio/7.0/Packs/atmel/ATmega_DFP/1.7.374/gcc/dev/atmega32/avr5/crtatmega32.o
 .debug_abbrev  0x000004a3      0x1d5 FreeRTOS/Src/event_groups.o
 .debug_abbrev  0x00000678      0x11c FreeRTOS/Src/heap_1.o
 .debug_abbrev  0x00000794       0xf8 FreeRTOS/Src/list.o
 .debug_abbrev  0x0000088c      0x143 FreeRTOS/Src/port.o
 .debug_abbrev  0x000009cf      0x221 FreeRTOS/Src/queue.o
 .debug_abbrev  0x00000bf0      0x28b FreeRTOS/Src/tasks.o
 .debug_abbrev  0x00000e7b      0x2b2 HAL/LCD/LCD_program.o
 .debug_abbrev  0x0000112d       0xb0 HAL/NTC_Temperature/NTC_program.o
 .debug_abbrev  0x000011dd      0x19d main.o
 .debug_abbrev  0x0000137a       0x6d MCAL/ADC/ADC_config.o
 .debug_abbrev  0x000013e7      0x10e MCAL/ADC/ADC_program.o
 .debug_abbrev  0x000014f5      0x197 MCAL/GPIO/GPIO_program.o
 .debug_abbrev  0x0000168c       0x6d MCAL/USART/USART_config.o
 .debug_abbrev  0x000016f9      0x160 MCAL/USART/USART_program.o

.debug_line     0x00000000     0x389e
 *(.debug_line .debug_line.* .debug_line_end)
 .debug_line    0x00000000      0x116 C:/Program Files (x86)/Atmel/Studio/7.0/Packs/atmel/ATmega_DFP/1.7.374/gcc/dev/atmega32/avr5/crtatmega32.o
 .debug_line    0x00000116      0x417 FreeRTOS/Src/event_groups.o
 .debug_line    0x0000052d      0x1ba FreeRTOS/Src/heap_1.o
 .debug_line    0x000006e7      0x1e6 FreeRTOS/Src/list.o
 .debug_line    0x000008cd      0x2b8 FreeRTOS/Src/port.o
 .debug_line    0x00000b85      0xa6c FreeRTOS/Src/queue.o
 .debug_line    0x000015f1      0xca7 FreeRTOS/Src/tasks.o
 .debug_line    0x00002298      0x63e HAL/LCD/LCD_program.o
 .debug_line    0x000028d6      0x149 HAL/NTC_Temperature/NTC_program.o
 .debug_line    0x00002a1f      0x511 main.o
 .debug_line    0x00002f30       0x46 MCAL/ADC/ADC_config.o
 .debug_line    0x00002f76      0x187 MCAL/ADC/ADC_program.o
 .debug_line    0x000030fd      0x4d1 MCAL/GPIO/GPIO_program.o
 .debug_line    0x000035ce       0x77 MCAL/USART/USART_config.o
 .debug_line    0x00003645      0x259 MCAL/USART/USART_program.o

.debug_frame    0x00000000      0xe94
 *(.debug_frame)
 .debug_frame   0x00000000      0x15c FreeRTOS/Src/event_groups.o
 .debug_frame   0x0000015c       0x60 FreeRTOS/Src/heap_1.o
 .debug_frame   0x000001bc       0x88 FreeRTOS/Src/list.o
 .debug_frame   0x00000244       0x84 FreeRTOS/Src/port.o
 .debug_frame   0x000002c8      0x2e4 FreeRTOS/Src/queue.o
 .debug_frame   0x000005ac      0x41c FreeRTOS/Src/tasks.o
 .debug_frame   0x000009c8      0x160 HAL/LCD/LCD_program.o
 .debug_frame   0x00000b28       0x4c HAL/NTC_Temperature/NTC_program.o
 .debug_frame   0x00000b74       0xd8 main.o
 .debug_frame   0x00000c4c       0x64 MCAL/ADC/ADC_program.o
 .debug_frame   0x00000cb0       0xac MCAL/GPIO/GPIO_program.o
 .debug_frame   0x00000d5c      0x138 MCAL/USART/USART_program.o

.debug_str      0x00000000     0x2155
 *(.debug_str)
 .debug_str     0x00000000      0x196 C:/Program Files (x86)/Atmel/Studio/7.0/Packs/atmel/ATmega_DFP/1.7.374/gcc/dev/atmega32/avr5/crtatmega32.o
 .debug_str     0x00000196      0x540 FreeRTOS/Src/event_groups.o
                                0x5ba (size before relaxing)
 .debug_str     0x000006d6       0x8c FreeRTOS/Src/heap_1.o
                                0x250 (size before relaxing)
 .debug_str     0x00000762       0x94 FreeRTOS/Src/list.o
                                0x2d6 (size before relaxing)
 .debug_str     0x000007f6      0x118 FreeRTOS/Src/port.o
                                0x2d8 (size before relaxing)
 .debug_str     0x0000090e      0x504 FreeRTOS/Src/queue.o
                                0x7fe (size before relaxing)
 .debug_str     0x00000e12      0x54c FreeRTOS/Src/tasks.o
                                0xa72 (size before relaxing)
 .debug_str     0x0000135e      0x2d2 HAL/LCD/LCD_program.o
                                0x472 (size before relaxing)
 .debug_str     0x00001630       0x73 HAL/NTC_Temperature/NTC_program.o
                                0x20d (size before relaxing)
 .debug_str     0x000016a3      0x1d1 main.o
                                0x531 (size before relaxing)
 .debug_str     0x00001874      0x2d1 MCAL/ADC/ADC_config.o
                                0x3ef (size before relaxing)
 .debug_str     0x00001b45       0x98 MCAL/ADC/ADC_program.o
                                0x51a (size before relaxing)
 .debug_str     0x00001bdd      0x140 MCAL/GPIO/GPIO_program.o
                                0x34a (size before relaxing)
 .debug_str     0x00001d1d      0x301 MCAL/USART/USART_config.o
                                0x49c (size before relaxing)
 .debug_str     0x0000201e      0x137 MCAL/USART/USART_program.o
                                0x4b4 (size before relaxing)

.debug_loc      0x00000000     0x539f
 *(.debug_loc)
 .debug_loc     0x00000000      0xb21 FreeRTOS/Src/event_groups.o
 .debug_loc     0x00000b21       0xf1 FreeRTOS/Src/heap_1.o
 .debug_loc     0x00000c12      0x145 FreeRTOS/Src/list.o
 .debug_loc     0x00000d57      0x2a0 FreeRTOS/Src/port.o
 .debug_loc     0x00000ff7     0x1813 FreeRTOS/Src/queue.o
 .debug_loc     0x0000280a     0x14ba FreeRTOS/Src/tasks.o
 .debug_loc     0x00003cc4      0x987 HAL/LCD/LCD_program.o
 .debug_loc     0x0000464b      0x115 HAL/NTC_Temperature/NTC_program.o
 .debug_loc     0x00004760      0x241 main.o
 .debug_loc     0x000049a1      0x110 MCAL/ADC/ADC_program.o
 .debug_loc     0x00004ab1      0x608 MCAL/GPIO/GPIO_program.o
 .debug_loc     0x000050b9      0x2e6 MCAL/USART/USART_program.o

.debug_macinfo
 *(.debug_macinfo)

.debug_weaknames
 *(.debug_weaknames)

.debug_funcnames
 *(.debug_funcnames)

.debug_typenames
 *(.debug_typenames)

.debug_varnames
 *(.debug_varnames)

.debug_pubtypes
 *(.debug_pubtypes)

.debug_ranges   0x00000000      0x4e0
 *(.debug_ranges)
 .debug_ranges  0x00000000       0x70 FreeRTOS/Src/event_groups.o
 .debug_ranges  0x00000070       0x28 FreeRTOS/Src/heap_1.o
 .debug_ranges  0x00000098       0x30 FreeRTOS/Src/list.o
 .debug_ranges  0x000000c8       0x40 FreeRTOS/Src/port.o
 .debug_ranges  0x00000108       0xc8 FreeRTOS/Src/queue.o
 .debug_ranges  0x000001d0      0x158 FreeRTOS/Src/tasks.o
 .debug_ranges  0x00000328       0x80 HAL/LCD/LCD_program.o
 .debug_ranges  0x000003a8       0x10 HAL/NTC_Temperature/NTC_program.o
 .debug_ranges  0x000003b8       0x48 main.o
 .debug_ranges  0x00000400       0x30 MCAL/ADC/ADC_program.o
 .debug_ranges  0x00000430       0x50 MCAL/GPIO/GPIO_program.o
 .debug_ranges  0x00000480       0x60 MCAL/USART/USART_program.o

.debug_macro
 *(.debug_macro)
OUTPUT(FireAlarm_System.elf elf32-avr)
LOAD linker stubs
